Archive member included to satisfy reference by file (symbol)

/Applications/STM32CubeIDE1.8.0.app/Contents/Eclipse/plugins/com.st.stm32cube.ide.mcu.externaltools.gnu-tools-for-stm32.9-2020-q2-update.macos64_2.0.0.202105311346/tools/bin/../lib/gcc/arm-none-eabi/9.3.1/../../../../arm-none-eabi/lib/thumb/v7e-m+fp/hard/libc_nano.a(lib_a-errno.o)
                              ./Core/Src/syscalls.o (__errno)
/Applications/STM32CubeIDE1.8.0.app/Contents/Eclipse/plugins/com.st.stm32cube.ide.mcu.externaltools.gnu-tools-for-stm32.9-2020-q2-update.macos64_2.0.0.202105311346/tools/bin/../lib/gcc/arm-none-eabi/9.3.1/../../../../arm-none-eabi/lib/thumb/v7e-m+fp/hard/libc_nano.a(lib_a-exit.o)
                              /Applications/STM32CubeIDE1.8.0.app/Contents/Eclipse/plugins/com.st.stm32cube.ide.mcu.externaltools.gnu-tools-for-stm32.9-2020-q2-update.macos64_2.0.0.202105311346/tools/bin/../lib/gcc/arm-none-eabi/9.3.1/../../../../arm-none-eabi/lib/thumb/v7e-m+fp/hard/crt0.o (exit)
/Applications/STM32CubeIDE1.8.0.app/Contents/Eclipse/plugins/com.st.stm32cube.ide.mcu.externaltools.gnu-tools-for-stm32.9-2020-q2-update.macos64_2.0.0.202105311346/tools/bin/../lib/gcc/arm-none-eabi/9.3.1/../../../../arm-none-eabi/lib/thumb/v7e-m+fp/hard/libc_nano.a(lib_a-impure.o)
                              /Applications/STM32CubeIDE1.8.0.app/Contents/Eclipse/plugins/com.st.stm32cube.ide.mcu.externaltools.gnu-tools-for-stm32.9-2020-q2-update.macos64_2.0.0.202105311346/tools/bin/../lib/gcc/arm-none-eabi/9.3.1/../../../../arm-none-eabi/lib/thumb/v7e-m+fp/hard/libc_nano.a(lib_a-exit.o) (_global_impure_ptr)
/Applications/STM32CubeIDE1.8.0.app/Contents/Eclipse/plugins/com.st.stm32cube.ide.mcu.externaltools.gnu-tools-for-stm32.9-2020-q2-update.macos64_2.0.0.202105311346/tools/bin/../lib/gcc/arm-none-eabi/9.3.1/../../../../arm-none-eabi/lib/thumb/v7e-m+fp/hard/libc_nano.a(lib_a-init.o)
                              /Applications/STM32CubeIDE1.8.0.app/Contents/Eclipse/plugins/com.st.stm32cube.ide.mcu.externaltools.gnu-tools-for-stm32.9-2020-q2-update.macos64_2.0.0.202105311346/tools/bin/../lib/gcc/arm-none-eabi/9.3.1/../../../../arm-none-eabi/lib/thumb/v7e-m+fp/hard/crt0.o (__libc_init_array)
/Applications/STM32CubeIDE1.8.0.app/Contents/Eclipse/plugins/com.st.stm32cube.ide.mcu.externaltools.gnu-tools-for-stm32.9-2020-q2-update.macos64_2.0.0.202105311346/tools/bin/../lib/gcc/arm-none-eabi/9.3.1/../../../../arm-none-eabi/lib/thumb/v7e-m+fp/hard/libc_nano.a(lib_a-memcpy-stub.o)
                              ./Drivers/ssd1306/ssd1306.o (memcpy)
/Applications/STM32CubeIDE1.8.0.app/Contents/Eclipse/plugins/com.st.stm32cube.ide.mcu.externaltools.gnu-tools-for-stm32.9-2020-q2-update.macos64_2.0.0.202105311346/tools/bin/../lib/gcc/arm-none-eabi/9.3.1/../../../../arm-none-eabi/lib/thumb/v7e-m+fp/hard/libc_nano.a(lib_a-memmove.o)
                              ./Drivers/ssd1306/ssd1306_tests.o (memmove)
/Applications/STM32CubeIDE1.8.0.app/Contents/Eclipse/plugins/com.st.stm32cube.ide.mcu.externaltools.gnu-tools-for-stm32.9-2020-q2-update.macos64_2.0.0.202105311346/tools/bin/../lib/gcc/arm-none-eabi/9.3.1/../../../../arm-none-eabi/lib/thumb/v7e-m+fp/hard/libc_nano.a(lib_a-memset.o)
                              /Applications/STM32CubeIDE1.8.0.app/Contents/Eclipse/plugins/com.st.stm32cube.ide.mcu.externaltools.gnu-tools-for-stm32.9-2020-q2-update.macos64_2.0.0.202105311346/tools/bin/../lib/gcc/arm-none-eabi/9.3.1/../../../../arm-none-eabi/lib/thumb/v7e-m+fp/hard/crt0.o (memset)
/Applications/STM32CubeIDE1.8.0.app/Contents/Eclipse/plugins/com.st.stm32cube.ide.mcu.externaltools.gnu-tools-for-stm32.9-2020-q2-update.macos64_2.0.0.202105311346/tools/bin/../lib/gcc/arm-none-eabi/9.3.1/../../../../arm-none-eabi/lib/thumb/v7e-m+fp/hard/libc_nano.a(lib_a-snprintf.o)
                              ./Drivers/ssd1306/ssd1306_tests.o (snprintf)
/Applications/STM32CubeIDE1.8.0.app/Contents/Eclipse/plugins/com.st.stm32cube.ide.mcu.externaltools.gnu-tools-for-stm32.9-2020-q2-update.macos64_2.0.0.202105311346/tools/bin/../lib/gcc/arm-none-eabi/9.3.1/../../../../arm-none-eabi/lib/thumb/v7e-m+fp/hard/libc_nano.a(lib_a-nano-svfprintf.o)
                              /Applications/STM32CubeIDE1.8.0.app/Contents/Eclipse/plugins/com.st.stm32cube.ide.mcu.externaltools.gnu-tools-for-stm32.9-2020-q2-update.macos64_2.0.0.202105311346/tools/bin/../lib/gcc/arm-none-eabi/9.3.1/../../../../arm-none-eabi/lib/thumb/v7e-m+fp/hard/libc_nano.a(lib_a-snprintf.o) (_svfprintf_r)
/Applications/STM32CubeIDE1.8.0.app/Contents/Eclipse/plugins/com.st.stm32cube.ide.mcu.externaltools.gnu-tools-for-stm32.9-2020-q2-update.macos64_2.0.0.202105311346/tools/bin/../lib/gcc/arm-none-eabi/9.3.1/../../../../arm-none-eabi/lib/thumb/v7e-m+fp/hard/libc_nano.a(lib_a-nano-vfprintf_i.o)
[...]
Memory Configuration

Name             Origin             Length             Attributes
RAM              0x0000000020000000 0x0000000000018000 xrw
RAM2             0x0000000010000000 0x0000000000008000 xrw
FLASH            0x0000000008000000 0x0000000000100000 xr
*default*        0x0000000000000000 0xffffffffffffffff

Linker script and memory map

LOAD /Applications/STM32CubeIDE1.8.0.app/Contents/Eclipse/plugins/com.st.stm32cube.ide.mcu.externaltools.gnu-tools-for-stm32.9-2020-q2-update.macos64_2.0.0.202105311346/tools/bin/../lib/gcc/arm-none-eabi/9.3.1/thumb/v7e-m+fp/hard/crti.o
LOAD /Applications/STM32CubeIDE1.8.0.app/Contents/Eclipse/plugins/com.st.stm32cube.ide.mcu.externaltools.gnu-tools-for-stm32.9-2020-q2-update.macos64_2.0.0.202105311346/tools/bin/../lib/gcc/arm-none-eabi/9.3.1/thumb/v7e-m+fp/hard/crtbegin.o
LOAD /Applications/STM32CubeIDE1.8.0.app/Contents/Eclipse/plugins/com.st.stm32cube.ide.mcu.externaltools.gnu-tools-for-stm32.9-2020-q2-update.macos64_2.0.0.202105311346/tools/bin/../lib/gcc/arm-none-eabi/9.3.1/../../../../arm-none-eabi/lib/thumb/v7e-m+fp/hard/crt0.o
LOAD ./Core/Src/main.o
LOAD ./Core/Src/stm32l4xx_hal_msp.o
LOAD ./Core/Src/stm32l4xx_it.o
LOAD ./Core/Src/syscalls.o
LOAD ./Core/Src/sysmem.o
LOAD ./Core/Src/system_stm32l4xx.o
LOAD ./Core/Src/trafficlights.o
LOAD ./Core/Startup/startup_stm32l476rgtx.o
LOAD ./Drivers/74hc595/74hc595.o
LOAD ./Drivers/STM32L4xx_HAL_Driver/Src/stm32l4xx_hal.o
LOAD ./Drivers/STM32L4xx_HAL_Driver/Src/stm32l4xx_hal_adc.o
LOAD ./Drivers/STM32L4xx_HAL_Driver/Src/stm32l4xx_hal_adc_ex.o
LOAD ./Drivers/STM32L4xx_HAL_Driver/Src/stm32l4xx_hal_can.o
LOAD ./Drivers/STM32L4xx_HAL_Driver/Src/stm32l4xx_hal_cortex.o
LOAD ./Drivers/STM32L4xx_HAL_Driver/Src/stm32l4xx_hal_dma.o
LOAD ./Drivers/STM32L4xx_HAL_Driver/Src/stm32l4xx_hal_dma_ex.o
LOAD ./Drivers/STM32L4xx_HAL_Driver/Src/stm32l4xx_hal_exti.o
LOAD ./Drivers/STM32L4xx_HAL_Driver/Src/stm32l4xx_hal_flash.o
LOAD ./Drivers/STM32L4xx_HAL_Driver/Src/stm32l4xx_hal_flash_ex.o
LOAD ./Drivers/STM32L4xx_HAL_Driver/Src/stm32l4xx_hal_flash_ramfunc.o
LOAD ./Drivers/STM32L4xx_HAL_Driver/Src/stm32l4xx_hal_gpio.o
LOAD ./Drivers/STM32L4xx_HAL_Driver/Src/stm32l4xx_hal_i2c.o
LOAD ./Drivers/STM32L4xx_HAL_Driver/Src/stm32l4xx_hal_i2c_ex.o
LOAD ./Drivers/STM32L4xx_HAL_Driver/Src/stm32l4xx_hal_pwr.o
LOAD ./Drivers/STM32L4xx_HAL_Driver/Src/stm32l4xx_hal_pwr_ex.o
LOAD ./Drivers/STM32L4xx_HAL_Driver/Src/stm32l4xx_hal_rcc.o
LOAD ./Drivers/STM32L4xx_HAL_Driver/Src/stm32l4xx_hal_rcc_ex.o
LOAD ./Drivers/STM32L4xx_HAL_Driver/Src/stm32l4xx_hal_spi.o
LOAD ./Drivers/STM32L4xx_HAL_Driver/Src/stm32l4xx_hal_spi_ex.o
LOAD ./Drivers/STM32L4xx_HAL_Driver/Src/stm32l4xx_hal_tim.o
LOAD ./Drivers/STM32L4xx_HAL_Driver/Src/stm32l4xx_hal_tim_ex.o
LOAD ./Drivers/STM32L4xx_HAL_Driver/Src/stm32l4xx_hal_uart.o
LOAD ./Drivers/STM32L4xx_HAL_Driver/Src/stm32l4xx_hal_uart_ex.o
LOAD ./Drivers/ssd1306/ssd1306.o
LOAD ./Drivers/ssd1306/ssd1306_fonts.o
LOAD ./Drivers/ssd1306/ssd1306_tests.o
START GROUP
LOAD /Applications/STM32CubeIDE1.8.0.app/Contents/Eclipse/plugins/com.st.stm32cube.ide.mcu.externaltools.gnu-tools-for-stm32.9-2020-q2-update.macos64_2.0.0.202105311346/tools/bin/../lib/gcc/arm-none-eabi/9.3.1/../../../../arm-none-eabi/lib/thumb/v7e-m+fp/hard/libc_nano.a
LOAD /Applications/STM32CubeIDE1.8.0.app/Contents/Eclipse/plugins/com.st.stm32cube.ide.mcu.externaltools.gnu-tools-for-stm32.9-2020-q2-update.macos64_2.0.0.202105311346/tools/bin/../lib/gcc/arm-none-eabi/9.3.1/../../../../arm-none-eabi/lib/thumb/v7e-m+fp/hard/libm.a
END GROUP
START GROUP
LOAD /Applications/STM32CubeIDE1.8.0.app/Contents/Eclipse/plugins/com.st.stm32cube.ide.mcu.externaltools.gnu-tools-for-stm32.9-2020-q2-update.macos64_2.0.0.202105311346/tools/bin/../lib/gcc/arm-none-eabi/9.3.1/thumb/v7e-m+fp/hard/libgcc.a
LOAD /Applications/STM32CubeIDE1.8.0.app/Contents/Eclipse/plugins/com.st.stm32cube.ide.mcu.externaltools.gnu-tools-for-stm32.9-2020-q2-update.macos64_2.0.0.202105311346/tools/bin/../lib/gcc/arm-none-eabi/9.3.1/../../../../arm-none-eabi/lib/thumb/v7e-m+fp/hard/libc_nano.a
END GROUP
START GROUP
LOAD /Applications/STM32CubeIDE1.8.0.app/Contents/Eclipse/plugins/com.st.stm32cube.ide.mcu.externaltools.gnu-tools-for-stm32.9-2020-q2-update.macos64_2.0.0.202105311346/tools/bin/../lib/gcc/arm-none-eabi/9.3.1/thumb/v7e-m+fp/hard/libgcc.a
LOAD /Applications/STM32CubeIDE1.8.0.app/Contents/Eclipse/plugins/com.st.stm32cube.ide.mcu.externaltools.gnu-tools-for-stm32.9-2020-q2-update.macos64_2.0.0.202105311346/tools/bin/../lib/gcc/arm-none-eabi/9.3.1/../../../../arm-none-eabi/lib/thumb/v7e-m+fp/hard/libc_nano.a
LOAD /Applications/STM32CubeIDE1.8.0.app/Contents/Eclipse/plugins/com.st.stm32cube.ide.mcu.externaltools.gnu-tools-for-stm32.9-2020-q2-update.macos64_2.0.0.202105311346/tools/bin/../lib/gcc/arm-none-eabi/9.3.1/../../../../arm-none-eabi/lib/thumb/v7e-m+fp/hard/libnosys.a
END GROUP
START GROUP
LOAD /Applications/STM32CubeIDE1.8.0.app/Contents/Eclipse/plugins/com.st.stm32cube.ide.mcu.externaltools.gnu-tools-for-stm32.9-2020-q2-update.macos64_2.0.0.202105311346/tools/bin/../lib/gcc/arm-none-eabi/9.3.1/thumb/v7e-m+fp/hard/libgcc.a
LOAD /Applications/STM32CubeIDE1.8.0.app/Contents/Eclipse/plugins/com.st.stm32cube.ide.mcu.externaltools.gnu-tools-for-stm32.9-2020-q2-update.macos64_2.0.0.202105311346/tools/bin/../lib/gcc/arm-none-eabi/9.3.1/../../../../arm-none-eabi/lib/thumb/v7e-m+fp/hard/libc_nano.a
LOAD /Applications/STM32CubeIDE1.8.0.app/Contents/Eclipse/plugins/com.st.stm32cube.ide.mcu.externaltools.gnu-tools-for-stm32.9-2020-q2-update.macos64_2.0.0.202105311346/tools/bin/../lib/gcc/arm-none-eabi/9.3.1/../../../../arm-none-eabi/lib/thumb/v7e-m+fp/hard/libnosys.a
END GROUP
LOAD /Applications/STM32CubeIDE1.8.0.app/Contents/Eclipse/plugins/com.st.stm32cube.ide.mcu.externaltools.gnu-tools-for-stm32.9-2020-q2-update.macos64_2.0.0.202105311346/tools/bin/../lib/gcc/arm-none-eabi/9.3.1/thumb/v7e-m+fp/hard/crtend.o
LOAD /Applications/STM32CubeIDE1.8.0.app/Contents/Eclipse/plugins/com.st.stm32cube.ide.mcu.externaltools.gnu-tools-for-stm32.9-2020-q2-update.macos64_2.0.0.202105311346/tools/bin/../lib/gcc/arm-none-eabi/9.3.1/thumb/v7e-m+fp/hard/crtn.o
                0x0000000020018000                _estack = (ORIGIN (RAM) + LENGTH (RAM))
                0x0000000000000200                _Min_Heap_Size = 0x200
                0x0000000000000400                _Min_Stack_Size = 0x400

.isr_vector     0x0000000008000000      0x188
                0x0000000008000000                . = ALIGN (0x4)
 *(.isr_vector)
 .isr_vector    0x0000000008000000      0x188 ./Core/Startup/startup_stm32l476rgtx.o
                0x0000000008000000                g_pfnVectors
                0x0000000008000188                . = ALIGN (0x4)

.text           0x0000000008000188     0x6530
                0x0000000008000188                . = ALIGN (0x4)
 *(.text)
 .text          0x0000000008000188       0x40 /Applications/STM32CubeIDE1.8.0.app/Contents/Eclipse/plugins/com.st.stm32cube.ide.mcu.externaltools.gnu-tools-for-stm32.9-2020-q2-update.macos64_2.0.0.202105311346/tools/bin/../lib/gcc/arm-none-eabi/9.3.1/thumb/v7e-m+fp/hard/crtbegin.o
 .text          0x00000000080001c8       0x30 /Applications/STM32CubeIDE1.8.0.app/Contents/Eclipse/plugins/com.st.stm32cube.ide.mcu.externaltools.gnu-tools-for-stm32.9-2020-q2-update.macos64_2.0.0.202105311346/tools/bin/../lib/gcc/arm-none-eabi/9.3.1/thumb/v7e-m+fp/hard/libgcc.a(_aeabi_uldivmod.o)
                0x00000000080001c8                __aeabi_uldivmod
 .text          0x00000000080001f8      0x2c4 /Applications/STM32CubeIDE1.8.0.app/Contents/Eclipse/plugins/com.st.stm32cube.ide.mcu.externaltools.gnu-tools-for-stm32.9-2020-q2-update.macos64_2.0.0.202105311346/tools/bin/../lib/gcc/arm-none-eabi/9.3.1/thumb/v7e-m+fp/hard/libgcc.a(_udivmoddi4.o)
                0x00000000080001f8                __udivmoddi4
 .text          0x00000000080004bc        0x4 /Applications/STM32CubeIDE1.8.0.app/Contents/Eclipse/plugins/com.st.stm32cube.ide.mcu.externaltools.gnu-tools-for-stm32.9-2020-q2-update.macos64_2.0.0.202105311346/tools/bin/../lib/gcc/arm-none-eabi/9.3.1/thumb/v7e-m+fp/hard/libgcc.a(_dvmd_tls.o)
                0x00000000080004bc                __aeabi_ldiv0
                0x00000000080004bc                __aeabi_idiv0
 *(.text*)
 .text.main     0x00000000080004c0       0x5c ./Core/Src/main.o
                0x00000000080004c0                main
 .text.SystemClock_Config
                0x000000000800051c       0xa2 ./Core/Src/main.o
                0x000000000800051c                SystemClock_Config
 *fill*         0x00000000080005be        0x2 
 .text.MX_ADC1_Init
                0x00000000080005c0       0xec ./Core/Src/main.o
 .text.MX_CAN1_Init
                0x00000000080006ac       0x68 ./Core/Src/main.o
 .text.MX_I2C3_Init
                0x0000000008000714       0x80 ./Core/Src/main.o
 .text.MX_SPI2_Init
                0x0000000008000794       0x7c ./Core/Src/main.o
 .text.MX_TIM3_Init
                0x0000000008000810       0xb8 ./Core/Src/main.o
 .text.MX_UART5_Init
                0x00000000080008c8       0x60 ./Core/Src/main.o
 .text.MX_USART2_UART_Init
                0x0000000008000928       0x60 ./Core/Src/main.o
 .text.MX_GPIO_Init
                0x0000000008000988      0x190 ./Core/Src/main.o
 .text.Error_Handler
                0x0000000008000b18        0xa ./Core/Src/main.o
                0x0000000008000b18                Error_Handler
 *fill*         0x0000000008000b22        0x2 
 .text.HAL_MspInit
                0x0000000008000b24       0x48 ./Core/Src/stm32l4xx_hal_msp.o
                0x0000000008000b24                HAL_MspInit
 .text.HAL_ADC_MspInit
                0x0000000008000b6c       0xd4 ./Core/Src/stm32l4xx_hal_msp.o
                0x0000000008000b6c                HAL_ADC_MspInit
 .text.HAL_CAN_MspInit
                0x0000000008000c40       0x88 ./Core/Src/stm32l4xx_hal_msp.o
                0x0000000008000c40                HAL_CAN_MspInit
 .text.HAL_I2C_MspInit
                0x0000000008000cc8       0xbc ./Core/Src/stm32l4xx_hal_msp.o
                0x0000000008000cc8                HAL_I2C_MspInit
 .text.HAL_SPI_MspInit
                0x0000000008000d84       0xc4 ./Core/Src/stm32l4xx_hal_msp.o
                0x0000000008000d84                HAL_SPI_MspInit
 .text.HAL_TIM_PWM_MspInit
                0x0000000008000e48       0x40 ./Core/Src/stm32l4xx_hal_msp.o
                0x0000000008000e48                HAL_TIM_PWM_MspInit
 .text.HAL_TIM_MspPostInit
                0x0000000008000e88       0x70 ./Core/Src/stm32l4xx_hal_msp.o
                0x0000000008000e88                HAL_TIM_MspPostInit
 .text.HAL_UART_MspInit
                0x0000000008000ef8      0x18c ./Core/Src/stm32l4xx_hal_msp.o
                0x0000000008000ef8                HAL_UART_MspInit
 .text.NMI_Handler
                0x0000000008001084        0x6 ./Core/Src/stm32l4xx_it.o
                0x0000000008001084                NMI_Handler
 .text.HardFault_Handler
                0x000000000800108a        0x6 ./Core/Src/stm32l4xx_it.o
                0x000000000800108a                HardFault_Handler
 .text.MemManage_Handler
                0x0000000008001090        0x6 ./Core/Src/stm32l4xx_it.o
                0x0000000008001090                MemManage_Handler
 .text.BusFault_Handler
                0x0000000008001096        0x6 ./Core/Src/stm32l4xx_it.o
                0x0000000008001096                BusFault_Handler
 .text.UsageFault_Handler
                0x000000000800109c        0x6 ./Core/Src/stm32l4xx_it.o
                0x000000000800109c                UsageFault_Handler
 .text.SVC_Handler
                0x00000000080010a2        0xe ./Core/Src/stm32l4xx_it.o
                0x00000000080010a2                SVC_Handler
 .text.DebugMon_Handler
                0x00000000080010b0        0xe ./Core/Src/stm32l4xx_it.o
                0x00000000080010b0                DebugMon_Handler
 .text.PendSV_Handler
                0x00000000080010be        0xe ./Core/Src/stm32l4xx_it.o
                0x00000000080010be                PendSV_Handler
 .text.SysTick_Handler
                0x00000000080010cc        0xc ./Core/Src/stm32l4xx_it.o
                0x00000000080010cc                SysTick_Handler
 .text.SystemInit
                0x00000000080010d8       0x24 ./Core/Src/system_stm32l4xx.o
                0x00000000080010d8                SystemInit
 .text.tl_init  0x00000000080010fc      0x134 ./Core/Src/trafficlights.o
                0x00000000080010fc                tl_init
 .text.tl_setLight
                0x0000000008001230       0x7c ./Core/Src/trafficlights.o
                0x0000000008001230                tl_setLight
 .text.Reset_Handler
                0x00000000080012ac       0x50 ./Core/Startup/startup_stm32l476rgtx.o
                0x00000000080012ac                Reset_Handler
 .text.Default_Handler
                0x00000000080012fc        0x2 ./Core/Startup/startup_stm32l476rgtx.o
                0x00000000080012fc                TIM1_BRK_TIM15_IRQHandler
                0x00000000080012fc                EXTI2_IRQHandler
                0x00000000080012fc                TIM8_TRG_COM_IRQHandler
                0x00000000080012fc                TIM8_CC_IRQHandler
                0x00000000080012fc                TIM1_CC_IRQHandler
                0x00000000080012fc                TSC_IRQHandler
                0x00000000080012fc                TAMP_STAMP_IRQHandler
                0x00000000080012fc                EXTI3_IRQHandler
                0x00000000080012fc                LPTIM2_IRQHandler
                0x00000000080012fc                DFSDM1_FLT1_IRQHandler
                0x00000000080012fc                I2C3_ER_IRQHandler
                0x00000000080012fc                DFSDM1_FLT2_IRQHandler
                0x00000000080012fc                EXTI0_IRQHandler
                0x00000000080012fc                I2C2_EV_IRQHandler
                0x00000000080012fc                CAN1_RX0_IRQHandler
                0x00000000080012fc                FPU_IRQHandler
                0x00000000080012fc                TIM1_UP_TIM16_IRQHandler
                0x00000000080012fc                ADC1_2_IRQHandler
                0x00000000080012fc                SPI1_IRQHandler
                0x00000000080012fc                TIM6_DAC_IRQHandler
                0x00000000080012fc                TIM8_UP_IRQHandler
                0x00000000080012fc                DMA2_Channel2_IRQHandler
                0x00000000080012fc                DMA1_Channel4_IRQHandler
                0x00000000080012fc                SAI2_IRQHandler
                0x00000000080012fc                DFSDM1_FLT3_IRQHandler
                0x00000000080012fc                USART3_IRQHandler
                0x00000000080012fc                DMA1_Channel7_IRQHandler
                0x00000000080012fc                CAN1_RX1_IRQHandler
                0x00000000080012fc                LCD_IRQHandler
                0x00000000080012fc                UART5_IRQHandler
                0x00000000080012fc                ADC3_IRQHandler
                0x00000000080012fc                TIM4_IRQHandler
                0x00000000080012fc                DMA2_Channel1_IRQHandler
                0x00000000080012fc                QUADSPI_IRQHandler
                0x00000000080012fc                I2C1_EV_IRQHandler
                0x00000000080012fc                DMA1_Channel6_IRQHandler
                0x00000000080012fc                UART4_IRQHandler
                0x00000000080012fc                DMA2_Channel4_IRQHandler
                0x00000000080012fc                TIM3_IRQHandler
                0x00000000080012fc                RCC_IRQHandler
                0x00000000080012fc                DMA1_Channel1_IRQHandler
                0x00000000080012fc                Default_Handler
                0x00000000080012fc                DMA2_Channel7_IRQHandler
                0x00000000080012fc                EXTI15_10_IRQHandler
                0x00000000080012fc                TIM7_IRQHandler
                0x00000000080012fc                SDMMC1_IRQHandler
                0x00000000080012fc                TIM5_IRQHandler
                0x00000000080012fc                I2C3_EV_IRQHandler
                0x00000000080012fc                EXTI9_5_IRQHandler
                0x00000000080012fc                RTC_WKUP_IRQHandler
                0x00000000080012fc                PVD_PVM_IRQHandler
                0x00000000080012fc                SPI2_IRQHandler
                0x00000000080012fc                CAN1_TX_IRQHandler
                0x00000000080012fc                DMA2_Channel5_IRQHandler
                0x00000000080012fc                DMA1_Channel5_IRQHandler
                0x00000000080012fc                EXTI4_IRQHandler
                0x00000000080012fc                RNG_IRQHandler
                0x00000000080012fc                TIM1_TRG_COM_TIM17_IRQHandler
                0x00000000080012fc                DMA1_Channel3_IRQHandler
                0x00000000080012fc                COMP_IRQHandler
                0x00000000080012fc                WWDG_IRQHandler
                0x00000000080012fc                LPUART1_IRQHandler
                0x00000000080012fc                DMA2_Channel6_IRQHandler
                0x00000000080012fc                TIM2_IRQHandler
                0x00000000080012fc                EXTI1_IRQHandler
                0x00000000080012fc                USART2_IRQHandler
                0x00000000080012fc                DFSDM1_FLT0_IRQHandler
                0x00000000080012fc                I2C2_ER_IRQHandler
                0x00000000080012fc                DMA1_Channel2_IRQHandler
                0x00000000080012fc                TIM8_BRK_IRQHandler
                0x00000000080012fc                CAN1_SCE_IRQHandler
                0x00000000080012fc                FLASH_IRQHandler
                0x00000000080012fc                USART1_IRQHandler
                0x00000000080012fc                OTG_FS_IRQHandler
                0x00000000080012fc                SPI3_IRQHandler
                0x00000000080012fc                I2C1_ER_IRQHandler
                0x00000000080012fc                FMC_IRQHandler
                0x00000000080012fc                SWPMI1_IRQHandler
                0x00000000080012fc                LPTIM1_IRQHandler
                0x00000000080012fc                SAI1_IRQHandler
                0x00000000080012fc                DMA2_Channel3_IRQHandler
                0x00000000080012fc                RTC_Alarm_IRQHandler
 *fill*         0x00000000080012fe        0x2 
 .text.hc595_init
                0x0000000008001300       0x48 ./Drivers/74hc595/74hc595.o
                0x0000000008001300                hc595_init
 .text.hc595_setBrightness
                0x0000000008001348       0x38 ./Drivers/74hc595/74hc595.o
                0x0000000008001348                hc595_setBrightness
 .text.hc595_enable
                0x0000000008001380        0xe ./Drivers/74hc595/74hc595.o
                0x0000000008001380                hc595_enable
 .text.hc595_disable
                0x000000000800138e        0xe ./Drivers/74hc595/74hc595.o
                0x000000000800138e                hc595_disable
 .text.hc595_update
                0x000000000800139c       0x78 ./Drivers/74hc595/74hc595.o
                0x000000000800139c                hc595_update
 .text.HAL_Init
                0x0000000008001414       0x40 ./Drivers/STM32L4xx_HAL_Driver/Src/stm32l4xx_hal.o
                0x0000000008001414                HAL_Init
 .text.HAL_InitTick
                0x0000000008001454       0x78 ./Drivers/STM32L4xx_HAL_Driver/Src/stm32l4xx_hal.o
                0x0000000008001454                HAL_InitTick
 .text.HAL_IncTick
                0x00000000080014cc       0x28 ./Drivers/STM32L4xx_HAL_Driver/Src/stm32l4xx_hal.o
                0x00000000080014cc                HAL_IncTick
 .text.HAL_GetTick
                0x00000000080014f4       0x18 ./Drivers/STM32L4xx_HAL_Driver/Src/stm32l4xx_hal.o
                0x00000000080014f4                HAL_GetTick
 .text.HAL_Delay
                0x000000000800150c       0x48 ./Drivers/STM32L4xx_HAL_Driver/Src/stm32l4xx_hal.o
                0x000000000800150c                HAL_Delay
 .text.LL_ADC_SetCommonClock
                0x0000000008001554       0x26 ./Drivers/STM32L4xx_HAL_Driver/Src/stm32l4xx_hal_adc.o
 .text.LL_ADC_SetCommonPathInternalCh
                0x000000000800157a       0x26 ./Drivers/STM32L4xx_HAL_Driver/Src/stm32l4xx_hal_adc.o
 .text.LL_ADC_GetCommonPathInternalCh
                0x00000000080015a0       0x1c ./Drivers/STM32L4xx_HAL_Driver/Src/stm32l4xx_hal_adc.o
 .text.LL_ADC_SetOffset
                0x00000000080015bc       0x48 ./Drivers/STM32L4xx_HAL_Driver/Src/stm32l4xx_hal_adc.o
 .text.LL_ADC_GetOffsetChannel
                0x0000000008001604       0x2c ./Drivers/STM32L4xx_HAL_Driver/Src/stm32l4xx_hal_adc.o
 .text.LL_ADC_SetOffsetState
                0x0000000008001630       0x36 ./Drivers/STM32L4xx_HAL_Driver/Src/stm32l4xx_hal_adc.o
 .text.LL_ADC_REG_SetSequencerRanks
                0x0000000008001666       0x58 ./Drivers/STM32L4xx_HAL_Driver/Src/stm32l4xx_hal_adc.o
 .text.LL_ADC_SetChannelSamplingTime
                0x00000000080016be       0x56 ./Drivers/STM32L4xx_HAL_Driver/Src/stm32l4xx_hal_adc.o
 .text.LL_ADC_SetChannelSingleDiff
                0x0000000008001714       0x48 ./Drivers/STM32L4xx_HAL_Driver/Src/stm32l4xx_hal_adc.o
 .text.LL_ADC_DisableDeepPowerDown
                0x000000000800175c       0x24 ./Drivers/STM32L4xx_HAL_Driver/Src/stm32l4xx_hal_adc.o
 .text.LL_ADC_IsDeepPowerDownEnabled
                0x0000000008001780       0x28 ./Drivers/STM32L4xx_HAL_Driver/Src/stm32l4xx_hal_adc.o
 .text.LL_ADC_EnableInternalRegulator
                0x00000000080017a8       0x28 ./Drivers/STM32L4xx_HAL_Driver/Src/stm32l4xx_hal_adc.o
 .text.LL_ADC_IsInternalRegulatorEnabled
                0x00000000080017d0       0x28 ./Drivers/STM32L4xx_HAL_Driver/Src/stm32l4xx_hal_adc.o
 .text.LL_ADC_IsEnabled
                0x00000000080017f8       0x26 ./Drivers/STM32L4xx_HAL_Driver/Src/stm32l4xx_hal_adc.o
 .text.LL_ADC_REG_IsConversionOngoing
                0x000000000800181e       0x26 ./Drivers/STM32L4xx_HAL_Driver/Src/stm32l4xx_hal_adc.o
 .text.LL_ADC_INJ_IsConversionOngoing
                0x0000000008001844       0x26 ./Drivers/STM32L4xx_HAL_Driver/Src/stm32l4xx_hal_adc.o
 *fill*         0x000000000800186a        0x2 
 .text.HAL_ADC_Init
                0x000000000800186c      0x2ac ./Drivers/STM32L4xx_HAL_Driver/Src/stm32l4xx_hal_adc.o
                0x000000000800186c                HAL_ADC_Init
 .text.HAL_ADC_ConfigChannel
                0x0000000008001b18      0x7e0 ./Drivers/STM32L4xx_HAL_Driver/Src/stm32l4xx_hal_adc.o
                0x0000000008001b18                HAL_ADC_ConfigChannel
 .text.LL_ADC_IsEnabled
                0x00000000080022f8       0x26 ./Drivers/STM32L4xx_HAL_Driver/Src/stm32l4xx_hal_adc_ex.o
 .text.LL_ADC_REG_IsConversionOngoing
                0x000000000800231e       0x26 ./Drivers/STM32L4xx_HAL_Driver/Src/stm32l4xx_hal_adc_ex.o
 .text.HAL_ADCEx_MultiModeConfigChannel
                0x0000000008002344      0x160 ./Drivers/STM32L4xx_HAL_Driver/Src/stm32l4xx_hal_adc_ex.o
                0x0000000008002344                HAL_ADCEx_MultiModeConfigChannel
 .text.HAL_CAN_Init
                0x00000000080024a4      0x1f6 ./Drivers/STM32L4xx_HAL_Driver/Src/stm32l4xx_hal_can.o
                0x00000000080024a4                HAL_CAN_Init
 *fill*         0x000000000800269a        0x2 
 .text.__NVIC_SetPriorityGrouping
                0x000000000800269c       0x48 ./Drivers/STM32L4xx_HAL_Driver/Src/stm32l4xx_hal_cortex.o
 .text.__NVIC_GetPriorityGrouping
                0x00000000080026e4       0x1c ./Drivers/STM32L4xx_HAL_Driver/Src/stm32l4xx_hal_cortex.o
 .text.__NVIC_SetPriority
                0x0000000008002700       0x54 ./Drivers/STM32L4xx_HAL_Driver/Src/stm32l4xx_hal_cortex.o
 .text.NVIC_EncodePriority
                0x0000000008002754       0x66 ./Drivers/STM32L4xx_HAL_Driver/Src/stm32l4xx_hal_cortex.o
 *fill*         0x00000000080027ba        0x2 
 .text.SysTick_Config
                0x00000000080027bc       0x44 ./Drivers/STM32L4xx_HAL_Driver/Src/stm32l4xx_hal_cortex.o
 .text.HAL_NVIC_SetPriorityGrouping
                0x0000000008002800       0x16 ./Drivers/STM32L4xx_HAL_Driver/Src/stm32l4xx_hal_cortex.o
                0x0000000008002800                HAL_NVIC_SetPriorityGrouping
 .text.HAL_NVIC_SetPriority
                0x0000000008002816       0x38 ./Drivers/STM32L4xx_HAL_Driver/Src/stm32l4xx_hal_cortex.o
                0x0000000008002816                HAL_NVIC_SetPriority
 .text.HAL_SYSTICK_Config
                0x000000000800284e       0x18 ./Drivers/STM32L4xx_HAL_Driver/Src/stm32l4xx_hal_cortex.o
                0x000000000800284e                HAL_SYSTICK_Config
 *fill*         0x0000000008002866        0x2 
 .text.HAL_GPIO_Init
                0x0000000008002868      0x354 ./Drivers/STM32L4xx_HAL_Driver/Src/stm32l4xx_hal_gpio.o
                0x0000000008002868                HAL_GPIO_Init
 .text.HAL_GPIO_WritePin
                0x0000000008002bbc       0x30 ./Drivers/STM32L4xx_HAL_Driver/Src/stm32l4xx_hal_gpio.o
                0x0000000008002bbc                HAL_GPIO_WritePin
 .text.HAL_I2C_Init
                0x0000000008002bec      0x11e ./Drivers/STM32L4xx_HAL_Driver/Src/stm32l4xx_hal_i2c.o
                0x0000000008002bec                HAL_I2C_Init
 .text.HAL_I2CEx_ConfigAnalogFilter
                0x0000000008002d0a       0x96 ./Drivers/STM32L4xx_HAL_Driver/Src/stm32l4xx_hal_i2c_ex.o
                0x0000000008002d0a                HAL_I2CEx_ConfigAnalogFilter
 .text.HAL_I2CEx_ConfigDigitalFilter
                0x0000000008002da0       0x98 ./Drivers/STM32L4xx_HAL_Driver/Src/stm32l4xx_hal_i2c_ex.o
                0x0000000008002da0                HAL_I2CEx_ConfigDigitalFilter
 .text.HAL_PWREx_GetVoltageRange
                0x0000000008002e38       0x1c ./Drivers/STM32L4xx_HAL_Driver/Src/stm32l4xx_hal_pwr_ex.o
                0x0000000008002e38                HAL_PWREx_GetVoltageRange
 .text.HAL_PWREx_ControlVoltageScaling
                0x0000000008002e54       0xac ./Drivers/STM32L4xx_HAL_Driver/Src/stm32l4xx_hal_pwr_ex.o
                0x0000000008002e54                HAL_PWREx_ControlVoltageScaling
 .text.HAL_RCC_OscConfig
                0x0000000008002f00      0x7cc ./Drivers/STM32L4xx_HAL_Driver/Src/stm32l4xx_hal_rcc.o
                0x0000000008002f00                HAL_RCC_OscConfig
 .text.HAL_RCC_ClockConfig
                0x00000000080036cc      0x1c4 ./Drivers/STM32L4xx_HAL_Driver/Src/stm32l4xx_hal_rcc.o
                0x00000000080036cc                HAL_RCC_ClockConfig
 .text.HAL_RCC_GetSysClockFreq
                0x0000000008003890      0x118 ./Drivers/STM32L4xx_HAL_Driver/Src/stm32l4xx_hal_rcc.o
                0x0000000008003890                HAL_RCC_GetSysClockFreq
 .text.HAL_RCC_GetHCLKFreq
                0x00000000080039a8       0x18 ./Drivers/STM32L4xx_HAL_Driver/Src/stm32l4xx_hal_rcc.o
                0x00000000080039a8                HAL_RCC_GetHCLKFreq
 .text.HAL_RCC_GetPCLK1Freq
                0x00000000080039c0       0x2c ./Drivers/STM32L4xx_HAL_Driver/Src/stm32l4xx_hal_rcc.o
                0x00000000080039c0                HAL_RCC_GetPCLK1Freq
 .text.HAL_RCC_GetPCLK2Freq
                0x00000000080039ec       0x2c ./Drivers/STM32L4xx_HAL_Driver/Src/stm32l4xx_hal_rcc.o
                0x00000000080039ec                HAL_RCC_GetPCLK2Freq
 .text.RCC_SetFlashLatencyFromMSIRange
                0x0000000008003a18       0xc0 ./Drivers/STM32L4xx_HAL_Driver/Src/stm32l4xx_hal_rcc.o
 .text.HAL_RCCEx_PeriphCLKConfig
                0x0000000008003ad8      0x5d4 ./Drivers/STM32L4xx_HAL_Driver/Src/stm32l4xx_hal_rcc_ex.o
                0x0000000008003ad8                HAL_RCCEx_PeriphCLKConfig
 .text.RCCEx_PLLSAI1_Config
                0x00000000080040ac      0x1e8 ./Drivers/STM32L4xx_HAL_Driver/Src/stm32l4xx_hal_rcc_ex.o
 .text.RCCEx_PLLSAI2_Config
                0x0000000008004294      0x1bc ./Drivers/STM32L4xx_HAL_Driver/Src/stm32l4xx_hal_rcc_ex.o
 .text.HAL_SPI_Init
                0x0000000008004450      0x146 ./Drivers/STM32L4xx_HAL_Driver/Src/stm32l4xx_hal_spi.o
                0x0000000008004450                HAL_SPI_Init
 .text.HAL_SPI_Transmit
                0x0000000008004596      0x2dc ./Drivers/STM32L4xx_HAL_Driver/Src/stm32l4xx_hal_spi.o
                0x0000000008004596                HAL_SPI_Transmit
 *fill*         0x0000000008004872        0x2 
 .text.SPI_WaitFlagStateUntilTimeout
                0x0000000008004874      0x110 ./Drivers/STM32L4xx_HAL_Driver/Src/stm32l4xx_hal_spi.o
 .text.SPI_WaitFifoStateUntilTimeout
                0x0000000008004984      0x12c ./Drivers/STM32L4xx_HAL_Driver/Src/stm32l4xx_hal_spi.o
 .text.SPI_EndRxTxTransaction
                0x0000000008004ab0       0x8c ./Drivers/STM32L4xx_HAL_Driver/Src/stm32l4xx_hal_spi.o
 .text.HAL_TIM_PWM_Init
                0x0000000008004b3c       0xae ./Drivers/STM32L4xx_HAL_Driver/Src/stm32l4xx_hal_tim.o
                0x0000000008004b3c                HAL_TIM_PWM_Init
 *fill*         0x0000000008004bea        0x2 
 .text.HAL_TIM_PWM_Start
                0x0000000008004bec      0x20c ./Drivers/STM32L4xx_HAL_Driver/Src/stm32l4xx_hal_tim.o
                0x0000000008004bec                HAL_TIM_PWM_Start
 .text.HAL_TIM_PWM_ConfigChannel
                0x0000000008004df8      0x228 ./Drivers/STM32L4xx_HAL_Driver/Src/stm32l4xx_hal_tim.o
                0x0000000008004df8                HAL_TIM_PWM_ConfigChannel
 .text.TIM_Base_SetConfig
                0x0000000008005020      0x134 ./Drivers/STM32L4xx_HAL_Driver/Src/stm32l4xx_hal_tim.o
                0x0000000008005020                TIM_Base_SetConfig
 .text.TIM_OC1_SetConfig
                0x0000000008005154      0x120 ./Drivers/STM32L4xx_HAL_Driver/Src/stm32l4xx_hal_tim.o
 .text.TIM_OC2_SetConfig
                0x0000000008005274      0x114 ./Drivers/STM32L4xx_HAL_Driver/Src/stm32l4xx_hal_tim.o
                0x0000000008005274                TIM_OC2_SetConfig
 .text.TIM_OC3_SetConfig
                0x0000000008005388      0x110 ./Drivers/STM32L4xx_HAL_Driver/Src/stm32l4xx_hal_tim.o
 .text.TIM_OC4_SetConfig
                0x0000000008005498       0xd4 ./Drivers/STM32L4xx_HAL_Driver/Src/stm32l4xx_hal_tim.o
 .text.TIM_OC5_SetConfig
                0x000000000800556c       0xc8 ./Drivers/STM32L4xx_HAL_Driver/Src/stm32l4xx_hal_tim.o
 .text.TIM_OC6_SetConfig
                0x0000000008005634       0xcc ./Drivers/STM32L4xx_HAL_Driver/Src/stm32l4xx_hal_tim.o
 .text.TIM_CCxChannelCmd
                0x0000000008005700       0x4a ./Drivers/STM32L4xx_HAL_Driver/Src/stm32l4xx_hal_tim.o
                0x0000000008005700                TIM_CCxChannelCmd
 *fill*         0x000000000800574a        0x2 
 .text.HAL_TIMEx_MasterConfigSynchronization
                0x000000000800574c      0x110 ./Drivers/STM32L4xx_HAL_Driver/Src/stm32l4xx_hal_tim_ex.o
                0x000000000800574c                HAL_TIMEx_MasterConfigSynchronization
 .text.HAL_UART_Init
                0x000000000800585c       0x9c ./Drivers/STM32L4xx_HAL_Driver/Src/stm32l4xx_hal_uart.o
                0x000000000800585c                HAL_UART_Init
 .text.UART_SetConfig
                0x00000000080058f8      0x514 ./Drivers/STM32L4xx_HAL_Driver/Src/stm32l4xx_hal_uart.o
                0x00000000080058f8                UART_SetConfig
 .text.UART_AdvFeatureConfig
                0x0000000008005e0c      0x144 ./Drivers/STM32L4xx_HAL_Driver/Src/stm32l4xx_hal_uart.o
                0x0000000008005e0c                UART_AdvFeatureConfig
 .text.UART_CheckIdleState
                0x0000000008005f50       0x92 ./Drivers/STM32L4xx_HAL_Driver/Src/stm32l4xx_hal_uart.o
                0x0000000008005f50                UART_CheckIdleState
 .text.UART_WaitOnFlagUntilTimeout
                0x0000000008005fe2      0x188 ./Drivers/STM32L4xx_HAL_Driver/Src/stm32l4xx_hal_uart.o
                0x0000000008005fe2                UART_WaitOnFlagUntilTimeout
 *fill*         0x000000000800616a        0x2 
 .text.ssd1306_Reset
                0x000000000800616c       0x3c ./Drivers/ssd1306/ssd1306.o
                0x000000000800616c                ssd1306_Reset
 .text.ssd1306_WriteCommand
                0x00000000080061a8       0x4c ./Drivers/ssd1306/ssd1306.o
                0x00000000080061a8                ssd1306_WriteCommand
 .text.ssd1306_WriteData
                0x00000000080061f4       0x50 ./Drivers/ssd1306/ssd1306.o
                0x00000000080061f4                ssd1306_WriteData
 .text.ssd1306_Init
                0x0000000008006244       0xd4 ./Drivers/ssd1306/ssd1306.o
                0x0000000008006244                ssd1306_Init
 .text.ssd1306_Fill
                0x0000000008006318       0x48 ./Drivers/ssd1306/ssd1306.o
                0x0000000008006318                ssd1306_Fill
 .text.ssd1306_UpdateScreen
                0x0000000008006360       0x50 ./Drivers/ssd1306/ssd1306.o
                0x0000000008006360                ssd1306_UpdateScreen
 .text.ssd1306_DrawPixel
                0x00000000080063b0       0xa8 ./Drivers/ssd1306/ssd1306.o
                0x00000000080063b0                ssd1306_DrawPixel
 .text.ssd1306_WriteChar
                0x0000000008006458      0x110 ./Drivers/ssd1306/ssd1306.o
                0x0000000008006458                ssd1306_WriteChar
 .text.ssd1306_WriteString
                0x0000000008006568       0x4c ./Drivers/ssd1306/ssd1306.o
                0x0000000008006568                ssd1306_WriteString
 .text.ssd1306_SetCursor
                0x00000000080065b4       0x30 ./Drivers/ssd1306/ssd1306.o
                0x00000000080065b4                ssd1306_SetCursor
 .text.ssd1306_SetContrast
                0x00000000080065e4       0x26 ./Drivers/ssd1306/ssd1306.o
                0x00000000080065e4                ssd1306_SetContrast
 *fill*         0x000000000800660a        0x2 
 .text.ssd1306_SetDisplayOn
                0x000000000800660c       0x3c ./Drivers/ssd1306/ssd1306.o
                0x000000000800660c                ssd1306_SetDisplayOn
 .text.__libc_init_array
                0x0000000008006648       0x48 /Applications/STM32CubeIDE1.8.0.app/Contents/Eclipse/plugins/com.st.stm32cube.ide.mcu.externaltools.gnu-tools-for-stm32.9-2020-q2-update.macos64_2.0.0.202105311346/tools/bin/../lib/gcc/arm-none-eabi/9.3.1/../../../../arm-none-eabi/lib/thumb/v7e-m+fp/hard/libc_nano.a(lib_a-init.o)
                0x0000000008006648                __libc_init_array
 .text.memset   0x0000000008006690       0x10 /Applications/STM32CubeIDE1.8.0.app/Contents/Eclipse/plugins/com.st.stm32cube.ide.mcu.externaltools.gnu-tools-for-stm32.9-2020-q2-update.macos64_2.0.0.202105311346/tools/bin/../lib/gcc/arm-none-eabi/9.3.1/../../../../arm-none-eabi/lib/thumb/v7e-m+fp/hard/libc_nano.a(lib_a-memset.o)
                0x0000000008006690                memset
 *(.glue_7)
 .glue_7        0x00000000080066a0        0x0 linker stubs
 *(.glue_7t)
 .glue_7t       0x00000000080066a0        0x0 linker stubs
 *(.eh_frame)
 .eh_frame      0x00000000080066a0        0x0 /Applications/STM32CubeIDE1.8.0.app/Contents/Eclipse/plugins/com.st.stm32cube.ide.mcu.externaltools.gnu-tools-for-stm32.9-2020-q2-update.macos64_2.0.0.202105311346/tools/bin/../lib/gcc/arm-none-eabi/9.3.1/thumb/v7e-m+fp/hard/crtbegin.o
 *(.init)
 .init          0x00000000080066a0        0x4 /Applications/STM32CubeIDE1.8.0.app/Contents/Eclipse/plugins/com.st.stm32cube.ide.mcu.externaltools.gnu-tools-for-stm32.9-2020-q2-update.macos64_2.0.0.202105311346/tools/bin/../lib/gcc/arm-none-eabi/9.3.1/thumb/v7e-m+fp/hard/crti.o
                0x00000000080066a0                _init
 .init          0x00000000080066a4        0x8 /Applications/STM32CubeIDE1.8.0.app/Contents/Eclipse/plugins/com.st.stm32cube.ide.mcu.externaltools.gnu-tools-for-stm32.9-2020-q2-update.macos64_2.0.0.202105311346/tools/bin/../lib/gcc/arm-none-eabi/9.3.1/thumb/v7e-m+fp/hard/crtn.o
 *(.fini)
 .fini          0x00000000080066ac        0x4 /Applications/STM32CubeIDE1.8.0.app/Contents/Eclipse/plugins/com.st.stm32cube.ide.mcu.externaltools.gnu-tools-for-stm32.9-2020-q2-update.macos64_2.0.0.202105311346/tools/bin/../lib/gcc/arm-none-eabi/9.3.1/thumb/v7e-m+fp/hard/crti.o
                0x00000000080066ac                _fini
 .fini          0x00000000080066b0        0x8 /Applications/STM32CubeIDE1.8.0.app/Contents/Eclipse/plugins/com.st.stm32cube.ide.mcu.externaltools.gnu-tools-for-stm32.9-2020-q2-update.macos64_2.0.0.202105311346/tools/bin/../lib/gcc/arm-none-eabi/9.3.1/thumb/v7e-m+fp/hard/crtn.o
                0x00000000080066b8                . = ALIGN (0x4)
                0x00000000080066b8                _etext = .

.vfp11_veneer   0x00000000080066b8        0x0
 .vfp11_veneer  0x00000000080066b8        0x0 linker stubs

.v4_bx          0x00000000080066b8        0x0
 .v4_bx         0x00000000080066b8        0x0 linker stubs

.iplt           0x00000000080066b8        0x0
 .iplt          0x00000000080066b8        0x0 /Applications/STM32CubeIDE1.8.0.app/Contents/Eclipse/plugins/com.st.stm32cube.ide.mcu.externaltools.gnu-tools-for-stm32.9-2020-q2-update.macos64_2.0.0.202105311346/tools/bin/../lib/gcc/arm-none-eabi/9.3.1/thumb/v7e-m+fp/hard/crtbegin.o

.rodata         0x00000000080066b8     0x139c
                0x00000000080066b8                . = ALIGN (0x4)
 *(.rodata)
 .rodata        0x00000000080066b8        0x7 ./Core/Src/main.o
 *(.rodata*)
 *fill*         0x00000000080066bf        0x1 
 .rodata.AHBPrescTable
                0x00000000080066c0       0x10 ./Core/Src/system_stm32l4xx.o
                0x00000000080066c0                AHBPrescTable
 .rodata.APBPrescTable
                0x00000000080066d0        0x8 ./Core/Src/system_stm32l4xx.o
                0x00000000080066d0                APBPrescTable
 .rodata.MSIRangeTable
                0x00000000080066d8       0x30 ./Core/Src/system_stm32l4xx.o
                0x00000000080066d8                MSIRangeTable
 .rodata.Font16x26
                0x0000000008006708     0x134c ./Drivers/ssd1306/ssd1306_fonts.o
                0x0000000008007a54                . = ALIGN (0x4)

.ARM.extab      0x0000000008007a54        0x0
                0x0000000008007a54                . = ALIGN (0x4)
 *(.ARM.extab* .gnu.linkonce.armextab.*)
                0x0000000008007a54                . = ALIGN (0x4)

.ARM            0x0000000008007a54        0x8
                0x0000000008007a54                . = ALIGN (0x4)
                0x0000000008007a54                __exidx_start = .
 *(.ARM.exidx*)
 .ARM.exidx     0x0000000008007a54        0x8 /Applications/STM32CubeIDE1.8.0.app/Contents/Eclipse/plugins/com.st.stm32cube.ide.mcu.externaltools.gnu-tools-for-stm32.9-2020-q2-update.macos64_2.0.0.202105311346/tools/bin/../lib/gcc/arm-none-eabi/9.3.1/thumb/v7e-m+fp/hard/libgcc.a(_udivmoddi4.o)
                0x0000000008007a5c                __exidx_end = .
                0x0000000008007a5c                . = ALIGN (0x4)

.rel.dyn        0x0000000008007a5c        0x0
 .rel.iplt      0x0000000008007a5c        0x0 /Applications/STM32CubeIDE1.8.0.app/Contents/Eclipse/plugins/com.st.stm32cube.ide.mcu.externaltools.gnu-tools-for-stm32.9-2020-q2-update.macos64_2.0.0.202105311346/tools/bin/../lib/gcc/arm-none-eabi/9.3.1/thumb/v7e-m+fp/hard/crtbegin.o

.preinit_array  0x0000000008007a5c        0x0
                0x0000000008007a5c                . = ALIGN (0x4)
                0x0000000008007a5c                PROVIDE (__preinit_array_start = .)
 *(.preinit_array*)
                0x0000000008007a5c                PROVIDE (__preinit_array_end = .)
                0x0000000008007a5c                . = ALIGN (0x4)

.init_array     0x0000000008007a5c        0x4
                0x0000000008007a5c                . = ALIGN (0x4)
                0x0000000008007a5c                PROVIDE (__init_array_start = .)
 *(SORT_BY_NAME(.init_array.*))
 *(.init_array*)
 .init_array    0x0000000008007a5c        0x4 /Applications/STM32CubeIDE1.8.0.app/Contents/Eclipse/plugins/com.st.stm32cube.ide.mcu.externaltools.gnu-tools-for-stm32.9-2020-q2-update.macos64_2.0.0.202105311346/tools/bin/../lib/gcc/arm-none-eabi/9.3.1/thumb/v7e-m+fp/hard/crtbegin.o
                0x0000000008007a60                PROVIDE (__init_array_end = .)
                0x0000000008007a60                . = ALIGN (0x4)

.fini_array     0x0000000008007a60        0x4
                0x0000000008007a60                . = ALIGN (0x4)
                [!provide]                        PROVIDE (__fini_array_start = .)
 *(SORT_BY_NAME(.fini_array.*))
 *(.fini_array*)
 .fini_array    0x0000000008007a60        0x4 /Applications/STM32CubeIDE1.8.0.app/Contents/Eclipse/plugins/com.st.stm32cube.ide.mcu.externaltools.gnu-tools-for-stm32.9-2020-q2-update.macos64_2.0.0.202105311346/tools/bin/../lib/gcc/arm-none-eabi/9.3.1/thumb/v7e-m+fp/hard/crtbegin.o
                [!provide]                        PROVIDE (__fini_array_end = .)
                0x0000000008007a64                . = ALIGN (0x4)
                0x0000000008007a64                _sidata = LOADADDR (.data)

.data           0x0000000020000000       0x74 load address 0x0000000008007a64
                0x0000000020000000                . = ALIGN (0x4)
                0x0000000020000000                _sdata = .
 *(.data)
 *(.data*)
 .data.SystemCoreClock
                0x0000000020000000        0x4 ./Core/Src/system_stm32l4xx.o
                0x0000000020000000                SystemCoreClock
 .data.pedestrian_west
                0x0000000020000004        0x6 ./Core/Src/trafficlights.o
                0x0000000020000004                pedestrian_west
 *fill*         0x000000002000000a        0x2 
 .data.pedestrian_north
                0x000000002000000c        0x6 ./Core/Src/trafficlights.o
                0x000000002000000c                pedestrian_north
 *fill*         0x0000000020000012        0x2 
 .data.street_north
                0x0000000020000014        0x6 ./Core/Src/trafficlights.o
                0x0000000020000014                street_north
 *fill*         0x000000002000001a        0x2 
 .data.street_south
                0x000000002000001c        0x6 ./Core/Src/trafficlights.o
                0x000000002000001c                street_south
 *fill*         0x0000000020000022        0x2 
 .data.street_east
                0x0000000020000024        0x6 ./Core/Src/trafficlights.o
                0x0000000020000024                street_east
 *fill*         0x000000002000002a        0x2 
 .data.street_west
                0x000000002000002c        0x6 ./Core/Src/trafficlights.o
                0x000000002000002c                street_west
 *fill*         0x0000000020000032        0x2 
 .data.crossing
                0x0000000020000034       0x30 ./Core/Src/trafficlights.o
                0x0000000020000034                crossing
 .data.uwTickPrio
                0x0000000020000064        0x4 ./Drivers/STM32L4xx_HAL_Driver/Src/stm32l4xx_hal.o
                0x0000000020000064                uwTickPrio
 .data.uwTickFreq
                0x0000000020000068        0x1 ./Drivers/STM32L4xx_HAL_Driver/Src/stm32l4xx_hal.o
                0x0000000020000068                uwTickFreq
 *fill*         0x0000000020000069        0x3 
 .data.Font_16x26
                0x000000002000006c        0x8 ./Drivers/ssd1306/ssd1306_fonts.o
                0x000000002000006c                Font_16x26
 *(.RamFunc)
 *(.RamFunc*)
                0x0000000020000074                . = ALIGN (0x4)
                0x0000000020000074                _edata = .

.igot.plt       0x0000000020000074        0x0 load address 0x0000000008007ad8
 .igot.plt      0x0000000020000074        0x0 /Applications/STM32CubeIDE1.8.0.app/Contents/Eclipse/plugins/com.st.stm32cube.ide.mcu.externaltools.gnu-tools-for-stm32.9-2020-q2-update.macos64_2.0.0.202105311346/tools/bin/../lib/gcc/arm-none-eabi/9.3.1/thumb/v7e-m+fp/hard/crtbegin.o
                0x0000000020000074                . = ALIGN (0x4)

.bss            0x0000000020000074      0x6c4 load address 0x0000000008007ad8
                0x0000000020000074                _sbss = .
                0x0000000020000074                __bss_start__ = _sbss
 *(.bss)
 .bss           0x0000000020000074       0x1c /Applications/STM32CubeIDE1.8.0.app/Contents/Eclipse/plugins/com.st.stm32cube.ide.mcu.externaltools.gnu-tools-for-stm32.9-2020-q2-update.macos64_2.0.0.202105311346/tools/bin/../lib/gcc/arm-none-eabi/9.3.1/thumb/v7e-m+fp/hard/crtbegin.o
 *(.bss*)
 .bss.light_state
                0x0000000020000090        0x3 ./Core/Src/trafficlights.o
 *fill*         0x0000000020000093        0x1 
 .bss.spi_handle
                0x0000000020000094        0x4 ./Drivers/74hc595/74hc595.o
 .bss.count     0x0000000020000098        0x1 ./Drivers/74hc595/74hc595.o
 *fill*         0x0000000020000099        0x3 
 .bss.SSD1306_Buffer
                0x000000002000009c      0x400 ./Drivers/ssd1306/ssd1306.o
 .bss.SSD1306   0x000000002000049c        0x6 ./Drivers/ssd1306/ssd1306.o
 *(COMMON)
 *fill*         0x00000000200004a2        0x2 
 COMMON         0x00000000200004a4      0x290 ./Core/Src/main.o
                0x00000000200004a4                hi2c3
                0x00000000200004f0                hspi2
                0x0000000020000554                htim3
                0x00000000200005a0                huart5
                0x0000000020000624                hadc1
                0x0000000020000688                huart2
                0x000000002000070c                hcan1
 COMMON         0x0000000020000734        0x4 ./Drivers/STM32L4xx_HAL_Driver/Src/stm32l4xx_hal.o
                0x0000000020000734                uwTick
                0x0000000020000738                . = ALIGN (0x4)
                0x0000000020000738                _ebss = .
                0x0000000020000738                __bss_end__ = _ebss

._user_heap_stack
                0x0000000020000738      0x600 load address 0x0000000008007ad8
                0x0000000020000738                . = ALIGN (0x8)
                [!provide]                        PROVIDE (end = .)
                0x0000000020000738                PROVIDE (_end = .)
                0x0000000020000938                . = (. + _Min_Heap_Size)
 *fill*         0x0000000020000738      0x200 
                0x0000000020000d38                . = (. + _Min_Stack_Size)
 *fill*         0x0000000020000938      0x400 
                0x0000000020000d38                . = ALIGN (0x8)

/DISCARD/
 libc.a(*)
 libm.a(*)
 libgcc.a(*)

.ARM.attributes
                0x0000000000000000       0x30
 *(.ARM.attributes)
 .ARM.attributes
                0x0000000000000000       0x1e /Applications/STM32CubeIDE1.8.0.app/Contents/Eclipse/plugins/com.st.stm32cube.ide.mcu.externaltools.gnu-tools-for-stm32.9-2020-q2-update.macos64_2.0.0.202105311346/tools/bin/../lib/gcc/arm-none-eabi/9.3.1/thumb/v7e-m+fp/hard/crti.o
 .ARM.attributes
                0x000000000000001e       0x34 /Applications/STM32CubeIDE1.8.0.app/Contents/Eclipse/plugins/com.st.stm32cube.ide.mcu.externaltools.gnu-tools-for-stm32.9-2020-q2-update.macos64_2.0.0.202105311346/tools/bin/../lib/gcc/arm-none-eabi/9.3.1/thumb/v7e-m+fp/hard/crtbegin.o
 .ARM.attributes
                0x0000000000000052       0x34 ./Core/Src/main.o
 .ARM.attributes
                0x0000000000000086       0x34 ./Core/Src/stm32l4xx_hal_msp.o
 .ARM.attributes
                0x00000000000000ba       0x34 ./Core/Src/stm32l4xx_it.o
 .ARM.attributes
                0x00000000000000ee       0x34 ./Core/Src/system_stm32l4xx.o
 .ARM.attributes
                0x0000000000000122       0x34 ./Core/Src/trafficlights.o
 .ARM.attributes
                0x0000000000000156       0x21 ./Core/Startup/startup_stm32l476rgtx.o
 .ARM.attributes
                0x0000000000000177       0x34 ./Drivers/74hc595/74hc595.o
 .ARM.attributes
                0x00000000000001ab       0x34 ./Drivers/STM32L4xx_HAL_Driver/Src/stm32l4xx_hal.o
 .ARM.attributes
                0x00000000000001df       0x34 ./Drivers/STM32L4xx_HAL_Driver/Src/stm32l4xx_hal_adc.o
 .ARM.attributes
                0x0000000000000213       0x34 ./Drivers/STM32L4xx_HAL_Driver/Src/stm32l4xx_hal_adc_ex.o
 .ARM.attributes
                0x0000000000000247       0x34 ./Drivers/STM32L4xx_HAL_Driver/Src/stm32l4xx_hal_can.o
 .ARM.attributes
                0x000000000000027b       0x34 ./Drivers/STM32L4xx_HAL_Driver/Src/stm32l4xx_hal_cortex.o
 .ARM.attributes
                0x00000000000002af       0x34 ./Drivers/STM32L4xx_HAL_Driver/Src/stm32l4xx_hal_gpio.o
 .ARM.attributes
                0x00000000000002e3       0x34 ./Drivers/STM32L4xx_HAL_Driver/Src/stm32l4xx_hal_i2c.o
 .ARM.attributes
                0x0000000000000317       0x34 ./Drivers/STM32L4xx_HAL_Driver/Src/stm32l4xx_hal_i2c_ex.o
 .ARM.attributes
                0x000000000000034b       0x34 ./Drivers/STM32L4xx_HAL_Driver/Src/stm32l4xx_hal_pwr_ex.o
 .ARM.attributes
                0x000000000000037f       0x34 ./Drivers/STM32L4xx_HAL_Driver/Src/stm32l4xx_hal_rcc.o
 .ARM.attributes
                0x00000000000003b3       0x34 ./Drivers/STM32L4xx_HAL_Driver/Src/stm32l4xx_hal_rcc_ex.o
 .ARM.attributes
                0x00000000000003e7       0x34 ./Drivers/STM32L4xx_HAL_Driver/Src/stm32l4xx_hal_spi.o
 .ARM.attributes
                0x000000000000041b       0x34 ./Drivers/STM32L4xx_HAL_Driver/Src/stm32l4xx_hal_tim.o
 .ARM.attributes
                0x000000000000044f       0x34 ./Drivers/STM32L4xx_HAL_Driver/Src/stm32l4xx_hal_tim_ex.o
 .ARM.attributes
                0x0000000000000483       0x34 ./Drivers/STM32L4xx_HAL_Driver/Src/stm32l4xx_hal_uart.o
 .ARM.attributes
                0x00000000000004b7       0x34 ./Drivers/ssd1306/ssd1306.o
 .ARM.attributes
                0x00000000000004eb       0x39 ./Drivers/ssd1306/ssd1306_fonts.o
 .ARM.attributes
                0x0000000000000524       0x34 /Applications/STM32CubeIDE1.8.0.app/Contents/Eclipse/plugins/com.st.stm32cube.ide.mcu.externaltools.gnu-tools-for-stm32.9-2020-q2-update.macos64_2.0.0.202105311346/tools/bin/../lib/gcc/arm-none-eabi/9.3.1/../../../../arm-none-eabi/lib/thumb/v7e-m+fp/hard/libc_nano.a(lib_a-init.o)
 .ARM.attributes
                0x0000000000000558       0x34 /Applications/STM32CubeIDE1.8.0.app/Contents/Eclipse/plugins/com.st.stm32cube.ide.mcu.externaltools.gnu-tools-for-stm32.9-2020-q2-update.macos64_2.0.0.202105311346/tools/bin/../lib/gcc/arm-none-eabi/9.3.1/../../../../arm-none-eabi/lib/thumb/v7e-m+fp/hard/libc_nano.a(lib_a-memset.o)
 .ARM.attributes
                0x000000000000058c       0x1e /Applications/STM32CubeIDE1.8.0.app/Contents/Eclipse/plugins/com.st.stm32cube.ide.mcu.externaltools.gnu-tools-for-stm32.9-2020-q2-update.macos64_2.0.0.202105311346/tools/bin/../lib/gcc/arm-none-eabi/9.3.1/thumb/v7e-m+fp/hard/libgcc.a(_aeabi_uldivmod.o)
 .ARM.attributes
                0x00000000000005aa       0x34 /Applications/STM32CubeIDE1.8.0.app/Contents/Eclipse/plugins/com.st.stm32cube.ide.mcu.externaltools.gnu-tools-for-stm32.9-2020-q2-update.macos64_2.0.0.202105311346/tools/bin/../lib/gcc/arm-none-eabi/9.3.1/thumb/v7e-m+fp/hard/libgcc.a(_udivmoddi4.o)
 .ARM.attributes
                0x00000000000005de       0x1e /Applications/STM32CubeIDE1.8.0.app/Contents/Eclipse/plugins/com.st.stm32cube.ide.mcu.externaltools.gnu-tools-for-stm32.9-2020-q2-update.macos64_2.0.0.202105311346/tools/bin/../lib/gcc/arm-none-eabi/9.3.1/thumb/v7e-m+fp/hard/libgcc.a(_dvmd_tls.o)
 .ARM.attributes
                0x00000000000005fc       0x1e /Applications/STM32CubeIDE1.8.0.app/Contents/Eclipse/plugins/com.st.stm32cube.ide.mcu.externaltools.gnu-tools-for-stm32.9-2020-q2-update.macos64_2.0.0.202105311346/tools/bin/../lib/gcc/arm-none-eabi/9.3.1/thumb/v7e-m+fp/hard/crtn.o
OUTPUT(IS1300_TrafficCrossing.elf elf32-littlearm)
LOAD linker stubs
LOAD /Applications/STM32CubeIDE1.8.0.app/Contents/Eclipse/plugins/com.st.stm32cube.ide.mcu.externaltools.gnu-tools-for-stm32.9-2020-q2-update.macos64_2.0.0.202105311346/tools/bin/../lib/gcc/arm-none-eabi/9.3.1/../../../../arm-none-eabi/lib/thumb/v7e-m+fp/hard/libc.a
LOAD /Applications/STM32CubeIDE1.8.0.app/Contents/Eclipse/plugins/com.st.stm32cube.ide.mcu.externaltools.gnu-tools-for-stm32.9-2020-q2-update.macos64_2.0.0.202105311346/tools/bin/../lib/gcc/arm-none-eabi/9.3.1/../../../../arm-none-eabi/lib/thumb/v7e-m+fp/hard/libm.a
LOAD /Applications/STM32CubeIDE1.8.0.app/Contents/Eclipse/plugins/com.st.stm32cube.ide.mcu.externaltools.gnu-tools-for-stm32.9-2020-q2-update.macos64_2.0.0.202105311346/tools/bin/../lib/gcc/arm-none-eabi/9.3.1/thumb/v7e-m+fp/hard/libgcc.a

.debug_info     0x0000000000000000    0x1f68d
 .debug_info    0x0000000000000000     0x22b3 ./Core/Src/main.o
 .debug_info    0x00000000000022b3     0x239b ./Core/Src/stm32l4xx_hal_msp.o
 .debug_info    0x000000000000464e      0x373 ./Core/Src/stm32l4xx_it.o
 .debug_info    0x00000000000049c1      0x772 ./Core/Src/system_stm32l4xx.o
 .debug_info    0x0000000000005133      0x9f6 ./Core/Src/trafficlights.o
 .debug_info    0x0000000000005b29       0x22 ./Core/Startup/startup_stm32l476rgtx.o
 .debug_info    0x0000000000005b4b      0xd14 ./Drivers/74hc595/74hc595.o
 .debug_info    0x000000000000685f      0xddb ./Drivers/STM32L4xx_HAL_Driver/Src/stm32l4xx_hal.o
 .debug_info    0x000000000000763a     0x1fb8 ./Drivers/STM32L4xx_HAL_Driver/Src/stm32l4xx_hal_adc.o
 .debug_info    0x00000000000095f2     0x1d10 ./Drivers/STM32L4xx_HAL_Driver/Src/stm32l4xx_hal_adc_ex.o
 .debug_info    0x000000000000b302     0x1224 ./Drivers/STM32L4xx_HAL_Driver/Src/stm32l4xx_hal_can.o
 .debug_info    0x000000000000c526     0x102e ./Drivers/STM32L4xx_HAL_Driver/Src/stm32l4xx_hal_cortex.o
 .debug_info    0x000000000000d554      0xa5e ./Drivers/STM32L4xx_HAL_Driver/Src/stm32l4xx_hal_gpio.o
 .debug_info    0x000000000000dfb2     0x236d ./Drivers/STM32L4xx_HAL_Driver/Src/stm32l4xx_hal_i2c.o
 .debug_info    0x000000000001031f      0xc29 ./Drivers/STM32L4xx_HAL_Driver/Src/stm32l4xx_hal_i2c_ex.o
 .debug_info    0x0000000000010f48      0xc00 ./Drivers/STM32L4xx_HAL_Driver/Src/stm32l4xx_hal_pwr_ex.o
 .debug_info    0x0000000000011b48      0xe37 ./Drivers/STM32L4xx_HAL_Driver/Src/stm32l4xx_hal_rcc.o
 .debug_info    0x000000000001297f     0x103f ./Drivers/STM32L4xx_HAL_Driver/Src/stm32l4xx_hal_rcc_ex.o
 .debug_info    0x00000000000139be     0x1913 ./Drivers/STM32L4xx_HAL_Driver/Src/stm32l4xx_hal_spi.o
 .debug_info    0x00000000000152d1     0x2e4a ./Drivers/STM32L4xx_HAL_Driver/Src/stm32l4xx_hal_tim.o
 .debug_info    0x000000000001811b     0x18a3 ./Drivers/STM32L4xx_HAL_Driver/Src/stm32l4xx_hal_tim_ex.o
 .debug_info    0x00000000000199be     0x3e4b ./Drivers/STM32L4xx_HAL_Driver/Src/stm32l4xx_hal_uart.o
 .debug_info    0x000000000001d809     0x1a4e ./Drivers/ssd1306/ssd1306.o
 .debug_info    0x000000000001f257      0x436 ./Drivers/ssd1306/ssd1306_fonts.o

.debug_abbrev   0x0000000000000000     0x335e
 .debug_abbrev  0x0000000000000000      0x2c1 ./Core/Src/main.o
 .debug_abbrev  0x00000000000002c1      0x255 ./Core/Src/stm32l4xx_hal_msp.o
 .debug_abbrev  0x0000000000000516       0xf2 ./Core/Src/stm32l4xx_it.o
 .debug_abbrev  0x0000000000000608      0x165 ./Core/Src/system_stm32l4xx.o
 .debug_abbrev  0x000000000000076d      0x1b2 ./Core/Src/trafficlights.o
 .debug_abbrev  0x000000000000091f       0x12 ./Core/Startup/startup_stm32l476rgtx.o
 .debug_abbrev  0x0000000000000931      0x1e1 ./Drivers/74hc595/74hc595.o
 .debug_abbrev  0x0000000000000b12      0x227 ./Drivers/STM32L4xx_HAL_Driver/Src/stm32l4xx_hal.o
 .debug_abbrev  0x0000000000000d39      0x291 ./Drivers/STM32L4xx_HAL_Driver/Src/stm32l4xx_hal_adc.o
 .debug_abbrev  0x0000000000000fca      0x2ac ./Drivers/STM32L4xx_HAL_Driver/Src/stm32l4xx_hal_adc_ex.o
 .debug_abbrev  0x0000000000001276      0x27d ./Drivers/STM32L4xx_HAL_Driver/Src/stm32l4xx_hal_can.o
 .debug_abbrev  0x00000000000014f3      0x33c ./Drivers/STM32L4xx_HAL_Driver/Src/stm32l4xx_hal_cortex.o
 .debug_abbrev  0x000000000000182f      0x1e8 ./Drivers/STM32L4xx_HAL_Driver/Src/stm32l4xx_hal_gpio.o
 .debug_abbrev  0x0000000000001a17      0x256 ./Drivers/STM32L4xx_HAL_Driver/Src/stm32l4xx_hal_i2c.o
 .debug_abbrev  0x0000000000001c6d      0x1dd ./Drivers/STM32L4xx_HAL_Driver/Src/stm32l4xx_hal_i2c_ex.o
 .debug_abbrev  0x0000000000001e4a      0x1f3 ./Drivers/STM32L4xx_HAL_Driver/Src/stm32l4xx_hal_pwr_ex.o
 .debug_abbrev  0x000000000000203d      0x275 ./Drivers/STM32L4xx_HAL_Driver/Src/stm32l4xx_hal_rcc.o
 .debug_abbrev  0x00000000000022b2      0x268 ./Drivers/STM32L4xx_HAL_Driver/Src/stm32l4xx_hal_rcc_ex.o
 .debug_abbrev  0x000000000000251a      0x254 ./Drivers/STM32L4xx_HAL_Driver/Src/stm32l4xx_hal_spi.o
 .debug_abbrev  0x000000000000276e      0x25e ./Drivers/STM32L4xx_HAL_Driver/Src/stm32l4xx_hal_tim.o
 .debug_abbrev  0x00000000000029cc      0x266 ./Drivers/STM32L4xx_HAL_Driver/Src/stm32l4xx_hal_tim_ex.o
 .debug_abbrev  0x0000000000002c32      0x2b3 ./Drivers/STM32L4xx_HAL_Driver/Src/stm32l4xx_hal_uart.o
 .debug_abbrev  0x0000000000002ee5      0x37c ./Drivers/ssd1306/ssd1306.o
 .debug_abbrev  0x0000000000003261       0xfd ./Drivers/ssd1306/ssd1306_fonts.o

.debug_aranges  0x0000000000000000     0x1980
 .debug_aranges
                0x0000000000000000       0x70 ./Core/Src/main.o
 .debug_aranges
                0x0000000000000070       0x88 ./Core/Src/stm32l4xx_hal_msp.o
 .debug_aranges
                0x00000000000000f8       0x60 ./Core/Src/stm32l4xx_it.o
 .debug_aranges
                0x0000000000000158       0x28 ./Core/Src/system_stm32l4xx.o
 .debug_aranges
                0x0000000000000180       0x28 ./Core/Src/trafficlights.o
 .debug_aranges
                0x00000000000001a8       0x28 ./Core/Startup/startup_stm32l476rgtx.o
 .debug_aranges
                0x00000000000001d0       0x48 ./Drivers/74hc595/74hc595.o
 .debug_aranges
                0x0000000000000218      0x130 ./Drivers/STM32L4xx_HAL_Driver/Src/stm32l4xx_hal.o
 .debug_aranges
                0x0000000000000348      0x220 ./Drivers/STM32L4xx_HAL_Driver/Src/stm32l4xx_hal_adc.o
 .debug_aranges
                0x0000000000000568      0x1a8 ./Drivers/STM32L4xx_HAL_Driver/Src/stm32l4xx_hal_adc_ex.o
 .debug_aranges
                0x0000000000000710      0x138 ./Drivers/STM32L4xx_HAL_Driver/Src/stm32l4xx_hal_can.o
 .debug_aranges
                0x0000000000000848      0x118 ./Drivers/STM32L4xx_HAL_Driver/Src/stm32l4xx_hal_cortex.o
 .debug_aranges
                0x0000000000000960       0x58 ./Drivers/STM32L4xx_HAL_Driver/Src/stm32l4xx_hal_gpio.o
 .debug_aranges
                0x00000000000009b8      0x290 ./Drivers/STM32L4xx_HAL_Driver/Src/stm32l4xx_hal_i2c.o
 .debug_aranges
                0x0000000000000c48       0x48 ./Drivers/STM32L4xx_HAL_Driver/Src/stm32l4xx_hal_i2c_ex.o
 .debug_aranges
                0x0000000000000c90      0x160 ./Drivers/STM32L4xx_HAL_Driver/Src/stm32l4xx_hal_pwr_ex.o
 .debug_aranges
                0x0000000000000df0       0x90 ./Drivers/STM32L4xx_HAL_Driver/Src/stm32l4xx_hal_rcc.o
 .debug_aranges
                0x0000000000000e80       0xc0 ./Drivers/STM32L4xx_HAL_Driver/Src/stm32l4xx_hal_rcc_ex.o
 .debug_aranges
                0x0000000000000f40      0x1d8 ./Drivers/STM32L4xx_HAL_Driver/Src/stm32l4xx_hal_spi.o
 .debug_aranges
                0x0000000000001118      0x3e0 ./Drivers/STM32L4xx_HAL_Driver/Src/stm32l4xx_hal_tim.o
 .debug_aranges
                0x00000000000014f8      0x180 ./Drivers/STM32L4xx_HAL_Driver/Src/stm32l4xx_hal_tim_ex.o
 .debug_aranges
                0x0000000000001678      0x228 ./Drivers/STM32L4xx_HAL_Driver/Src/stm32l4xx_hal_uart.o
 .debug_aranges
                0x00000000000018a0       0xc8 ./Drivers/ssd1306/ssd1306.o
 .debug_aranges
                0x0000000000001968       0x18 ./Drivers/ssd1306/ssd1306_fonts.o

.debug_ranges   0x0000000000000000     0x1830
 .debug_ranges  0x0000000000000000       0x60 ./Core/Src/main.o
 .debug_ranges  0x0000000000000060       0x78 ./Core/Src/stm32l4xx_hal_msp.o
 .debug_ranges  0x00000000000000d8       0x50 ./Core/Src/stm32l4xx_it.o
 .debug_ranges  0x0000000000000128       0x18 ./Core/Src/system_stm32l4xx.o
 .debug_ranges  0x0000000000000140       0x18 ./Core/Src/trafficlights.o
 .debug_ranges  0x0000000000000158       0x20 ./Core/Startup/startup_stm32l476rgtx.o
 .debug_ranges  0x0000000000000178       0x38 ./Drivers/74hc595/74hc595.o
 .debug_ranges  0x00000000000001b0      0x120 ./Drivers/STM32L4xx_HAL_Driver/Src/stm32l4xx_hal.o
 .debug_ranges  0x00000000000002d0      0x210 ./Drivers/STM32L4xx_HAL_Driver/Src/stm32l4xx_hal_adc.o
 .debug_ranges  0x00000000000004e0      0x198 ./Drivers/STM32L4xx_HAL_Driver/Src/stm32l4xx_hal_adc_ex.o
 .debug_ranges  0x0000000000000678      0x128 ./Drivers/STM32L4xx_HAL_Driver/Src/stm32l4xx_hal_can.o
 .debug_ranges  0x00000000000007a0      0x108 ./Drivers/STM32L4xx_HAL_Driver/Src/stm32l4xx_hal_cortex.o
 .debug_ranges  0x00000000000008a8       0x48 ./Drivers/STM32L4xx_HAL_Driver/Src/stm32l4xx_hal_gpio.o
 .debug_ranges  0x00000000000008f0      0x280 ./Drivers/STM32L4xx_HAL_Driver/Src/stm32l4xx_hal_i2c.o
 .debug_ranges  0x0000000000000b70       0x38 ./Drivers/STM32L4xx_HAL_Driver/Src/stm32l4xx_hal_i2c_ex.o
 .debug_ranges  0x0000000000000ba8      0x150 ./Drivers/STM32L4xx_HAL_Driver/Src/stm32l4xx_hal_pwr_ex.o
 .debug_ranges  0x0000000000000cf8       0x80 ./Drivers/STM32L4xx_HAL_Driver/Src/stm32l4xx_hal_rcc.o
 .debug_ranges  0x0000000000000d78       0xb0 ./Drivers/STM32L4xx_HAL_Driver/Src/stm32l4xx_hal_rcc_ex.o
 .debug_ranges  0x0000000000000e28      0x1c8 ./Drivers/STM32L4xx_HAL_Driver/Src/stm32l4xx_hal_spi.o
 .debug_ranges  0x0000000000000ff0      0x3d0 ./Drivers/STM32L4xx_HAL_Driver/Src/stm32l4xx_hal_tim.o
 .debug_ranges  0x00000000000013c0      0x170 ./Drivers/STM32L4xx_HAL_Driver/Src/stm32l4xx_hal_tim_ex.o
 .debug_ranges  0x0000000000001530      0x248 ./Drivers/STM32L4xx_HAL_Driver/Src/stm32l4xx_hal_uart.o
 .debug_ranges  0x0000000000001778       0xb8 ./Drivers/ssd1306/ssd1306.o

.debug_macro    0x0000000000000000    0x2a446
 .debug_macro   0x0000000000000000      0x294 ./Core/Src/main.o
 .debug_macro   0x0000000000000294      0xaa8 ./Core/Src/main.o
 .debug_macro   0x0000000000000d3c      0x1bf ./Core/Src/main.o
 .debug_macro   0x0000000000000efb       0x2e ./Core/Src/main.o
 .debug_macro   0x0000000000000f29       0x28 ./Core/Src/main.o
 .debug_macro   0x0000000000000f51       0x22 ./Core/Src/main.o
 .debug_macro   0x0000000000000f73       0x8e ./Core/Src/main.o
 .debug_macro   0x0000000000001001       0x51 ./Core/Src/main.o
 .debug_macro   0x0000000000001052      0x103 ./Core/Src/main.o
 .debug_macro   0x0000000000001155       0x6a ./Core/Src/main.o
 .debug_macro   0x00000000000011bf      0x1df ./Core/Src/main.o
 .debug_macro   0x000000000000139e       0x1c ./Core/Src/main.o
 .debug_macro   0x00000000000013ba       0x22 ./Core/Src/main.o
 .debug_macro   0x00000000000013dc      0x101 ./Core/Src/main.o
 .debug_macro   0x00000000000014dd     0x1011 ./Core/Src/main.o
 .debug_macro   0x00000000000024ee      0x11f ./Core/Src/main.o
 .debug_macro   0x000000000000260d    0x1a17a ./Core/Src/main.o
 .debug_macro   0x000000000001c787       0x6d ./Core/Src/main.o
 .debug_macro   0x000000000001c7f4     0x38e2 ./Core/Src/main.o
 .debug_macro   0x00000000000200d6      0x174 ./Core/Src/main.o
 .debug_macro   0x000000000002024a       0x5c ./Core/Src/main.o
 .debug_macro   0x00000000000202a6     0x159e ./Core/Src/main.o
 .debug_macro   0x0000000000021844      0x5a5 ./Core/Src/main.o
 .debug_macro   0x0000000000021de9      0x1b9 ./Core/Src/main.o
 .debug_macro   0x0000000000021fa2      0x18b ./Core/Src/main.o
 .debug_macro   0x000000000002212d      0x26b ./Core/Src/main.o
 .debug_macro   0x0000000000022398      0x23d ./Core/Src/main.o
 .debug_macro   0x00000000000225d5      0xf83 ./Core/Src/main.o
 .debug_macro   0x0000000000023558      0x632 ./Core/Src/main.o
 .debug_macro   0x0000000000023b8a      0x30c ./Core/Src/main.o
 .debug_macro   0x0000000000023e96      0x408 ./Core/Src/main.o
 .debug_macro   0x000000000002429e      0x241 ./Core/Src/main.o
 .debug_macro   0x00000000000244df      0x37c ./Core/Src/main.o
 .debug_macro   0x000000000002485b       0xd6 ./Core/Src/main.o
 .debug_macro   0x0000000000024931      0x22c ./Core/Src/main.o
 .debug_macro   0x0000000000024b5d       0x61 ./Core/Src/main.o
 .debug_macro   0x0000000000024bbe       0xa5 ./Core/Src/main.o
 .debug_macro   0x0000000000024c63      0x122 ./Core/Src/main.o
 .debug_macro   0x0000000000024d85      0x3ef ./Core/Src/main.o
 .debug_macro   0x0000000000025174      0x2fe ./Core/Src/main.o
 .debug_macro   0x0000000000025472      0xa75 ./Core/Src/main.o
 .debug_macro   0x0000000000025ee7      0x1e6 ./Core/Src/main.o
 .debug_macro   0x00000000000260cd      0x5ba ./Core/Src/main.o
 .debug_macro   0x0000000000026687       0x44 ./Core/Src/main.o
 .debug_macro   0x00000000000266cb      0x330 ./Core/Src/main.o
 .debug_macro   0x00000000000269fb      0x130 ./Core/Src/main.o
 .debug_macro   0x0000000000026b2b       0x52 ./Core/Src/main.o
 .debug_macro   0x0000000000026b7d       0x18 ./Core/Src/main.o
 .debug_macro   0x0000000000026b95       0x3c ./Core/Src/main.o
 .debug_macro   0x0000000000026bd1       0x34 ./Core/Src/main.o
 .debug_macro   0x0000000000026c05       0x52 ./Core/Src/main.o
 .debug_macro   0x0000000000026c57       0x22 ./Core/Src/main.o
 .debug_macro   0x0000000000026c79      0x22a ./Core/Src/stm32l4xx_hal_msp.o
 .debug_macro   0x0000000000026ea3      0x234 ./Core/Src/stm32l4xx_it.o
 .debug_macro   0x00000000000270d7      0x21b ./Core/Src/system_stm32l4xx.o
 .debug_macro   0x00000000000272f2      0x259 ./Core/Src/trafficlights.o
 .debug_macro   0x000000000002754b       0x22 ./Core/Src/trafficlights.o
 .debug_macro   0x000000000002756d      0x24b ./Drivers/74hc595/74hc595.o
 .debug_macro   0x00000000000277b8       0x1c ./Drivers/74hc595/74hc595.o
 .debug_macro   0x00000000000277d4      0x269 ./Drivers/STM32L4xx_HAL_Driver/Src/stm32l4xx_hal.o
 .debug_macro   0x0000000000027a3d      0x238 ./Drivers/STM32L4xx_HAL_Driver/Src/stm32l4xx_hal_adc.o
 .debug_macro   0x0000000000027c75      0x227 ./Drivers/STM32L4xx_HAL_Driver/Src/stm32l4xx_hal_adc_ex.o
 .debug_macro   0x0000000000027e9c      0x223 ./Drivers/STM32L4xx_HAL_Driver/Src/stm32l4xx_hal_can.o
 .debug_macro   0x00000000000280bf      0x21b ./Drivers/STM32L4xx_HAL_Driver/Src/stm32l4xx_hal_cortex.o
 .debug_macro   0x00000000000282da      0x222 ./Drivers/STM32L4xx_HAL_Driver/Src/stm32l4xx_hal_gpio.o
 .debug_macro   0x00000000000284fc      0x2e7 ./Drivers/STM32L4xx_HAL_Driver/Src/stm32l4xx_hal_i2c.o
 .debug_macro   0x00000000000287e3      0x21b ./Drivers/STM32L4xx_HAL_Driver/Src/stm32l4xx_hal_i2c_ex.o
 .debug_macro   0x00000000000289fe      0x23f ./Drivers/STM32L4xx_HAL_Driver/Src/stm32l4xx_hal_pwr_ex.o
 .debug_macro   0x0000000000028c3d      0x25d ./Drivers/STM32L4xx_HAL_Driver/Src/stm32l4xx_hal_rcc.o
 .debug_macro   0x0000000000028e9a      0x251 ./Drivers/STM32L4xx_HAL_Driver/Src/stm32l4xx_hal_rcc_ex.o
 .debug_macro   0x00000000000290eb      0x223 ./Drivers/STM32L4xx_HAL_Driver/Src/stm32l4xx_hal_spi.o
 .debug_macro   0x000000000002930e      0x21c ./Drivers/STM32L4xx_HAL_Driver/Src/stm32l4xx_hal_tim.o
 .debug_macro   0x000000000002952a      0x21b ./Drivers/STM32L4xx_HAL_Driver/Src/stm32l4xx_hal_tim_ex.o
 .debug_macro   0x0000000000029745      0x246 ./Drivers/STM32L4xx_HAL_Driver/Src/stm32l4xx_hal_uart.o
 .debug_macro   0x000000000002998b      0x366 ./Drivers/ssd1306/ssd1306.o
 .debug_macro   0x0000000000029cf1      0x333 ./Drivers/ssd1306/ssd1306.o
 .debug_macro   0x000000000002a024      0x1a9 ./Drivers/ssd1306/ssd1306.o
 .debug_macro   0x000000000002a1cd       0x16 ./Drivers/ssd1306/ssd1306.o
 .debug_macro   0x000000000002a1e3       0x20 ./Drivers/ssd1306/ssd1306.o
 .debug_macro   0x000000000002a203      0x243 ./Drivers/ssd1306/ssd1306_fonts.o

.debug_line     0x0000000000000000    0x1df7b
 .debug_line    0x0000000000000000      0xc39 ./Core/Src/main.o
 .debug_line    0x0000000000000c39      0xa5b ./Core/Src/stm32l4xx_hal_msp.o
 .debug_line    0x0000000000001694      0x88e ./Core/Src/stm32l4xx_it.o
 .debug_line    0x0000000000001f22      0x861 ./Core/Src/system_stm32l4xx.o
 .debug_line    0x0000000000002783      0x8de ./Core/Src/trafficlights.o
 .debug_line    0x0000000000003061       0x88 ./Core/Startup/startup_stm32l476rgtx.o
 .debug_line    0x00000000000030e9      0x877 ./Drivers/74hc595/74hc595.o
 .debug_line    0x0000000000003960      0xbbc ./Drivers/STM32L4xx_HAL_Driver/Src/stm32l4xx_hal.o
 .debug_line    0x000000000000451c     0x1f05 ./Drivers/STM32L4xx_HAL_Driver/Src/stm32l4xx_hal_adc.o
 .debug_line    0x0000000000006421     0x193d ./Drivers/STM32L4xx_HAL_Driver/Src/stm32l4xx_hal_adc_ex.o
 .debug_line    0x0000000000007d5e     0x1220 ./Drivers/STM32L4xx_HAL_Driver/Src/stm32l4xx_hal_can.o
 .debug_line    0x0000000000008f7e      0xd62 ./Drivers/STM32L4xx_HAL_Driver/Src/stm32l4xx_hal_cortex.o
 .debug_line    0x0000000000009ce0      0xc2f ./Drivers/STM32L4xx_HAL_Driver/Src/stm32l4xx_hal_gpio.o
 .debug_line    0x000000000000a90f     0x3453 ./Drivers/STM32L4xx_HAL_Driver/Src/stm32l4xx_hal_i2c.o
 .debug_line    0x000000000000dd62      0x9e9 ./Drivers/STM32L4xx_HAL_Driver/Src/stm32l4xx_hal_i2c_ex.o
 .debug_line    0x000000000000e74b      0xda7 ./Drivers/STM32L4xx_HAL_Driver/Src/stm32l4xx_hal_pwr_ex.o
 .debug_line    0x000000000000f4f2     0x1021 ./Drivers/STM32L4xx_HAL_Driver/Src/stm32l4xx_hal_rcc.o
 .debug_line    0x0000000000010513     0x1574 ./Drivers/STM32L4xx_HAL_Driver/Src/stm32l4xx_hal_rcc_ex.o
 .debug_line    0x0000000000011a87     0x1ff5 ./Drivers/STM32L4xx_HAL_Driver/Src/stm32l4xx_hal_spi.o
 .debug_line    0x0000000000013a7c     0x3df5 ./Drivers/STM32L4xx_HAL_Driver/Src/stm32l4xx_hal_tim.o
 .debug_line    0x0000000000017871     0x1cb4 ./Drivers/STM32L4xx_HAL_Driver/Src/stm32l4xx_hal_tim_ex.o
 .debug_line    0x0000000000019525     0x3338 ./Drivers/STM32L4xx_HAL_Driver/Src/stm32l4xx_hal_uart.o
 .debug_line    0x000000000001c85d      0xf43 ./Drivers/ssd1306/ssd1306.o
 .debug_line    0x000000000001d7a0      0x7db ./Drivers/ssd1306/ssd1306_fonts.o

.debug_str      0x0000000000000000   0x10d9f0
 .debug_str     0x0000000000000000   0x103559 ./Core/Src/main.o
                                     0x103c88 (size before relaxing)
 .debug_str     0x0000000000103559      0x393 ./Core/Src/stm32l4xx_hal_msp.o
                                     0x103741 (size before relaxing)
 .debug_str     0x00000000001038ec       0xbd ./Core/Src/stm32l4xx_it.o
                                     0x1022c2 (size before relaxing)
 .debug_str     0x00000000001039a9       0xb8 ./Core/Src/system_stm32l4xx.o
                                     0x101f32 (size before relaxing)
 .debug_str     0x0000000000103a61      0x220 ./Core/Src/trafficlights.o
                                     0x102810 (size before relaxing)
 .debug_str     0x0000000000103c81       0x36 ./Core/Startup/startup_stm32l476rgtx.o
                                         0x72 (size before relaxing)
 .debug_str     0x0000000000103cb7       0x94 ./Drivers/74hc595/74hc595.o
                                     0x102a66 (size before relaxing)
 .debug_str     0x0000000000103d4b      0xa44 ./Drivers/STM32L4xx_HAL_Driver/Src/stm32l4xx_hal.o
                                     0x102a9d (size before relaxing)
 .debug_str     0x000000000010478f      0x9de ./Drivers/STM32L4xx_HAL_Driver/Src/stm32l4xx_hal_adc.o
                                     0x102ca6 (size before relaxing)
 .debug_str     0x000000000010516d      0x705 ./Drivers/STM32L4xx_HAL_Driver/Src/stm32l4xx_hal_adc_ex.o
                                     0x102c83 (size before relaxing)
 .debug_str     0x0000000000105872      0x55f ./Drivers/STM32L4xx_HAL_Driver/Src/stm32l4xx_hal_can.o
                                     0x1025e4 (size before relaxing)
 .debug_str     0x0000000000105dd1      0x389 ./Drivers/STM32L4xx_HAL_Driver/Src/stm32l4xx_hal_cortex.o
                                     0x1027a1 (size before relaxing)
 .debug_str     0x000000000010615a      0x161 ./Drivers/STM32L4xx_HAL_Driver/Src/stm32l4xx_hal_gpio.o
                                     0x1020f7 (size before relaxing)
 .debug_str     0x00000000001062bb      0xd94 ./Drivers/STM32L4xx_HAL_Driver/Src/stm32l4xx_hal_i2c.o
                                     0x1030bb (size before relaxing)
 .debug_str     0x000000000010704f       0xb8 ./Drivers/STM32L4xx_HAL_Driver/Src/stm32l4xx_hal_i2c_ex.o
                                     0x102456 (size before relaxing)
 .debug_str     0x0000000000107107      0x4df ./Drivers/STM32L4xx_HAL_Driver/Src/stm32l4xx_hal_pwr_ex.o
                                     0x1024a3 (size before relaxing)
 .debug_str     0x00000000001075e6      0x35a ./Drivers/STM32L4xx_HAL_Driver/Src/stm32l4xx_hal_rcc.o
                                     0x10252c (size before relaxing)
 .debug_str     0x0000000000107940      0x3a6 ./Drivers/STM32L4xx_HAL_Driver/Src/stm32l4xx_hal_rcc_ex.o
                                     0x1026a0 (size before relaxing)
 .debug_str     0x0000000000107ce6      0x569 ./Drivers/STM32L4xx_HAL_Driver/Src/stm32l4xx_hal_spi.o
                                     0x10270a (size before relaxing)
 .debug_str     0x000000000010824f      0xded ./Drivers/STM32L4xx_HAL_Driver/Src/stm32l4xx_hal_tim.o
                                     0x1031d5 (size before relaxing)
 .debug_str     0x000000000010903c      0x5f3 ./Drivers/STM32L4xx_HAL_Driver/Src/stm32l4xx_hal_tim_ex.o
                                     0x102aa7 (size before relaxing)
 .debug_str     0x000000000010962f      0x89b ./Drivers/STM32L4xx_HAL_Driver/Src/stm32l4xx_hal_uart.o
                                     0x102bb4 (size before relaxing)
 .debug_str     0x0000000000109eca     0x3ade ./Drivers/ssd1306/ssd1306.o
                                     0x106756 (size before relaxing)
 .debug_str     0x000000000010d9a8       0x48 ./Drivers/ssd1306/ssd1306_fonts.o
                                     0x10243b (size before relaxing)

.comment        0x0000000000000000       0x53
 .comment       0x0000000000000000       0x53 ./Core/Src/main.o
                                         0x54 (size before relaxing)
 .comment       0x0000000000000053       0x54 ./Core/Src/stm32l4xx_hal_msp.o
 .comment       0x0000000000000053       0x54 ./Core/Src/stm32l4xx_it.o
 .comment       0x0000000000000053       0x54 ./Core/Src/system_stm32l4xx.o
 .comment       0x0000000000000053       0x54 ./Core/Src/trafficlights.o
 .comment       0x0000000000000053       0x54 ./Drivers/74hc595/74hc595.o
 .comment       0x0000000000000053       0x54 ./Drivers/STM32L4xx_HAL_Driver/Src/stm32l4xx_hal.o
 .comment       0x0000000000000053       0x54 ./Drivers/STM32L4xx_HAL_Driver/Src/stm32l4xx_hal_adc.o
 .comment       0x0000000000000053       0x54 ./Drivers/STM32L4xx_HAL_Driver/Src/stm32l4xx_hal_adc_ex.o
 .comment       0x0000000000000053       0x54 ./Drivers/STM32L4xx_HAL_Driver/Src/stm32l4xx_hal_can.o
 .comment       0x0000000000000053       0x54 ./Drivers/STM32L4xx_HAL_Driver/Src/stm32l4xx_hal_cortex.o
 .comment       0x0000000000000053       0x54 ./Drivers/STM32L4xx_HAL_Driver/Src/stm32l4xx_hal_gpio.o
 .comment       0x0000000000000053       0x54 ./Drivers/STM32L4xx_HAL_Driver/Src/stm32l4xx_hal_i2c.o
 .comment       0x0000000000000053       0x54 ./Drivers/STM32L4xx_HAL_Driver/Src/stm32l4xx_hal_i2c_ex.o
 .comment       0x0000000000000053       0x54 ./Drivers/STM32L4xx_HAL_Driver/Src/stm32l4xx_hal_pwr_ex.o
 .comment       0x0000000000000053       0x54 ./Drivers/STM32L4xx_HAL_Driver/Src/stm32l4xx_hal_rcc.o
 .comment       0x0000000000000053       0x54 ./Drivers/STM32L4xx_HAL_Driver/Src/stm32l4xx_hal_rcc_ex.o
 .comment       0x0000000000000053       0x54 ./Drivers/STM32L4xx_HAL_Driver/Src/stm32l4xx_hal_spi.o
 .comment       0x0000000000000053       0x54 ./Drivers/STM32L4xx_HAL_Driver/Src/stm32l4xx_hal_tim.o
 .comment       0x0000000000000053       0x54 ./Drivers/STM32L4xx_HAL_Driver/Src/stm32l4xx_hal_tim_ex.o
 .comment       0x0000000000000053       0x54 ./Drivers/STM32L4xx_HAL_Driver/Src/stm32l4xx_hal_uart.o
 .comment       0x0000000000000053       0x54 ./Drivers/ssd1306/ssd1306.o
 .comment       0x0000000000000053       0x54 ./Drivers/ssd1306/ssd1306_fonts.o

.debug_frame    0x0000000000000000     0x6e4c
 .debug_frame   0x0000000000000000      0x160 ./Core/Src/main.o
 .debug_frame   0x0000000000000160      0x220 ./Core/Src/stm32l4xx_hal_msp.o
 .debug_frame   0x0000000000000380      0x104 ./Core/Src/stm32l4xx_it.o
 .debug_frame   0x0000000000000484       0x58 ./Core/Src/system_stm32l4xx.o
 .debug_frame   0x00000000000004dc       0x50 ./Core/Src/trafficlights.o
 .debug_frame   0x000000000000052c       0xd4 ./Drivers/74hc595/74hc595.o
 .debug_frame   0x0000000000000600      0x498 ./Drivers/STM32L4xx_HAL_Driver/Src/stm32l4xx_hal.o
 .debug_frame   0x0000000000000a98      0xa04 ./Drivers/STM32L4xx_HAL_Driver/Src/stm32l4xx_hal_adc.o
 .debug_frame   0x000000000000149c      0x7a4 ./Drivers/STM32L4xx_HAL_Driver/Src/stm32l4xx_hal_adc_ex.o
 .debug_frame   0x0000000000001c40      0x5a0 ./Drivers/STM32L4xx_HAL_Driver/Src/stm32l4xx_hal_can.o
 .debug_frame   0x00000000000021e0      0x498 ./Drivers/STM32L4xx_HAL_Driver/Src/stm32l4xx_hal_cortex.o
 .debug_frame   0x0000000000002678      0x14c ./Drivers/STM32L4xx_HAL_Driver/Src/stm32l4xx_hal_gpio.o
 .debug_frame   0x00000000000027c4      0xbe8 ./Drivers/STM32L4xx_HAL_Driver/Src/stm32l4xx_hal_i2c.o
 .debug_frame   0x00000000000033ac      0x100 ./Drivers/STM32L4xx_HAL_Driver/Src/stm32l4xx_hal_i2c_ex.o
 .debug_frame   0x00000000000034ac      0x584 ./Drivers/STM32L4xx_HAL_Driver/Src/stm32l4xx_hal_pwr_ex.o
 .debug_frame   0x0000000000003a30      0x21c ./Drivers/STM32L4xx_HAL_Driver/Src/stm32l4xx_hal_rcc.o
 .debug_frame   0x0000000000003c4c      0x2fc ./Drivers/STM32L4xx_HAL_Driver/Src/stm32l4xx_hal_rcc_ex.o
 .debug_frame   0x0000000000003f48      0x860 ./Drivers/STM32L4xx_HAL_Driver/Src/stm32l4xx_hal_spi.o
 .debug_frame   0x00000000000047a8     0x121c ./Drivers/STM32L4xx_HAL_Driver/Src/stm32l4xx_hal_tim.o
 .debug_frame   0x00000000000059c4      0x6b0 ./Drivers/STM32L4xx_HAL_Driver/Src/stm32l4xx_hal_tim_ex.o
 .debug_frame   0x0000000000006074      0x9ec ./Drivers/STM32L4xx_HAL_Driver/Src/stm32l4xx_hal_uart.o
 .debug_frame   0x0000000000006a60      0x340 ./Drivers/ssd1306/ssd1306.o
 .debug_frame   0x0000000000006da0       0x2c /Applications/STM32CubeIDE1.8.0.app/Contents/Eclipse/plugins/com.st.stm32cube.ide.mcu.externaltools.gnu-tools-for-stm32.9-2020-q2-update.macos64_2.0.0.202105311346/tools/bin/../lib/gcc/arm-none-eabi/9.3.1/../../../../arm-none-eabi/lib/thumb/v7e-m+fp/hard/libc_nano.a(lib_a-init.o)
 .debug_frame   0x0000000000006dcc       0x20 /Applications/STM32CubeIDE1.8.0.app/Contents/Eclipse/plugins/com.st.stm32cube.ide.mcu.externaltools.gnu-tools-for-stm32.9-2020-q2-update.macos64_2.0.0.202105311346/tools/bin/../lib/gcc/arm-none-eabi/9.3.1/../../../../arm-none-eabi/lib/thumb/v7e-m+fp/hard/libc_nano.a(lib_a-memset.o)
 .debug_frame   0x0000000000006dec       0x2c /Applications/STM32CubeIDE1.8.0.app/Contents/Eclipse/plugins/com.st.stm32cube.ide.mcu.externaltools.gnu-tools-for-stm32.9-2020-q2-update.macos64_2.0.0.202105311346/tools/bin/../lib/gcc/arm-none-eabi/9.3.1/thumb/v7e-m+fp/hard/libgcc.a(_aeabi_uldivmod.o)
 .debug_frame   0x0000000000006e18       0x34 /Applications/STM32CubeIDE1.8.0.app/Contents/Eclipse/plugins/com.st.stm32cube.ide.mcu.externaltools.gnu-tools-for-stm32.9-2020-q2-update.macos64_2.0.0.202105311346/tools/bin/../lib/gcc/arm-none-eabi/9.3.1/thumb/v7e-m+fp/hard/libgcc.a(_udivmoddi4.o)
